2026-07-20 14:57:00 [INFO] Fetching constituents for: NIFTY50 (NSE API: 'NIFTY 50')
2026-07-20 14:57:00 [WARNING] Failed to initialize NSE session: 403 Client Error: Forbidden for url: https://www.nseindia.com/
2026-07-20 14:57:01 [ERROR] Failed to fetch constituents for 'NIFTY 50': 404 Client Error: Not Found for url: https://www.nseindia.com/api/equity-stockIndices?index=NIFTY+50
2026-07-20 14:57:01 [WARNING] No stocks found for segment 'NIFTY50'. Check the segment name.
2026-07-20 14:57:01 [WARNING] Could not fetch symbols for 'NIFTY50'. Falling back to config symbols list.
2026-07-20 14:57:01 [INFO] ======================================================================
2026-07-20 14:57:01 [INFO]   UT Bot Buy Signal Screener — CONFIG
2026-07-20 14:57:01 [INFO] ======================================================================
2026-07-20 14:57:01 [INFO]   Segment       : CONFIG
2026-07-20 14:57:01 [INFO]   Timeframe     : 15m
2026-07-20 14:57:01 [INFO]   Lookback      : 3 candles (current + 2 prior)
2026-07-20 14:57:01 [INFO]   Symbols       : 50 stocks
2026-07-20 14:57:01 [INFO]   Data Source   : YFINANCE
2026-07-20 14:57:01 [INFO]   Scan Time     : 2026-07-20 14:57:01
2026-07-20 14:57:01 [INFO] ======================================================================
2026-07-20 14:57:02 [INFO]   [ 1/50] BAJAJFINSV      —
2026-07-20 14:57:02 [INFO]   [ 2/50] ASIANPAINT      —
2026-07-20 14:57:02 [INFO]   [ 3/50] ADANIPORTS      —
2026-07-20 14:57:02 [INFO]   [ 4/50] BPCL            —
2026-07-20 14:57:02 [INFO]   [ 5/50] APOLLOHOSP      —
2026-07-20 14:57:02 [INFO]   [ 6/50] BAJAJ-AUTO      ✅ BUY
2026-07-20 14:57:02 [INFO]   [ 7/50] ADANIENT        —
2026-07-20 14:57:02 [INFO]   [ 8/50] BEL             —
2026-07-20 14:57:02 [INFO]   [ 9/50] AXISBANK        —
2026-07-20 14:57:02 [INFO]   [10/50] BAJFINANCE      —
2026-07-20 14:57:02 [INFO]   [11/50] COALINDIA       ✅ BUY
2026-07-20 14:57:03 [INFO]   [12/50] DRREDDY         —
2026-07-20 14:57:03 [INFO]   [13/50] EICHERMOT       —
2026-07-20 14:57:03 [INFO]   [14/50] BHARTIARTL      —
2026-07-20 14:57:03 [INFO]   [15/50] CIPLA           —
2026-07-20 14:57:03 [INFO]   [16/50] HDFCBANK        —
2026-07-20 14:57:03 [INFO]   [17/50] HCLTECH         —
2026-07-20 14:57:03 [INFO]   [18/50] ETERNAL         —
2026-07-20 14:57:03 [INFO]   [19/50] BRITANNIA       —
2026-07-20 14:57:03 [INFO]   [20/50] GRASIM          —
2026-07-20 14:57:03 [INFO]   [21/50] HEROMOTOCO      —
2026-07-20 14:57:03 [INFO]   [22/50] KOTAKBANK       —
2026-07-20 14:57:03 [INFO]   [23/50] HDFCLIFE        —
2026-07-20 14:57:03 [INFO]   [24/50] JSWSTEEL        —
2026-07-20 14:57:03 [INFO]   [25/50] HINDALCO        —
2026-07-20 14:57:03 [INFO]   [26/50] INDUSINDBK      —
2026-07-20 14:57:03 [INFO]   [27/50] INFY            —
2026-07-20 14:57:03 [INFO]   [28/50] HINDUNILVR      —
2026-07-20 14:57:03 [INFO]   [29/50] ITC             —
2026-07-20 14:57:03 [INFO]   [30/50] ICICIBANK       —
2026-07-20 14:57:04 [INFO]   [31/50] POWERGRID       —
2026-07-20 14:57:04 [INFO]   [32/50] NTPC            —
2026-07-20 14:57:04 [INFO]   [33/50] SBILIFE         ✅ BUY
2026-07-20 14:57:04 [INFO]   [34/50] RELIANCE        —
2026-07-20 14:57:04 [INFO]   [35/50] ONGC            —
2026-07-20 14:57:04 [INFO]   [36/50] LT              —
2026-07-20 14:57:04 [INFO]   [37/50] M&M             —
2026-07-20 14:57:04 [INFO]   [38/50] NESTLEIND       —
2026-07-20 14:57:04 [INFO]   [39/50] SBIN            —
2026-07-20 14:57:04 [INFO]   [40/50] MARUTI          —
2026-07-20 14:57:04 [INFO]   [41/50] TCS             —
2026-07-20 14:57:04 [INFO]   [42/50] TRENT           —
2026-07-20 14:57:04 [INFO]   [43/50] SUNPHARMA       —
2026-07-20 14:57:04 [INFO]   [44/50] TATASTEEL       —
2026-07-20 14:57:04 [INFO]   [45/50] WIPRO           —
2026-07-20 14:57:04 [INFO]   [46/50] ULTRACEMCO      —
2026-07-20 14:57:04 [INFO]   [47/50] TATACONSUM      —
2026-07-20 14:57:04 [INFO]   [48/50] TECHM           —
2026-07-20 14:57:04 [INFO]   [49/50] TITAN           —
2026-07-20 14:57:06 [ERROR] HTTP Error 404: {"quoteSummary":{"result":null,"error":{"code":"Not Found","description":"Quote not found for symbol: TATAMTRDVT.NS"}}}
2026-07-20 14:57:06 [ERROR] $TATAMTRDVT.NS: possibly delisted; no timezone found
2026-07-20 14:57:06 [ERROR] 
1 Failed download:
2026-07-20 14:57:06 [ERROR] ['TATAMTRDVT.NS']: possibly delisted; no timezone found
2026-07-20 14:57:06 [WARNING] [TATAMTRDVT] No data from yfinance.
2026-07-20 14:57:06 [INFO]   [50/50] TATAMTRDVT      —
2026-07-20 14:57:06 [INFO] Fetching constituents for: NIFTY50 (NSE API: 'NIFTY 50')
2026-07-20 14:57:06 [WARNING] Failed to initialize NSE session: 403 Client Error: Forbidden for url: https://www.nseindia.com/
2026-07-20 14:57:07 [ERROR] Failed to fetch constituents for 'NIFTY 50': 404 Client Error: Not Found for url: https://www.nseindia.com/api/equity-stockIndices?index=NIFTY+50
2026-07-20 14:57:07 [WARNING] No stocks found for segment 'NIFTY50'. Check the segment name.
2026-07-20 14:57:07 [INFO] 
2026-07-20 14:57:07 [INFO] ======================================================================
2026-07-20 14:57:07 [INFO]   🟢 CONFIG — UT Bot BUY Signals (15m)
2026-07-20 14:57:07 [INFO] ======================================================================
2026-07-20 14:57:07 [INFO]   #     SYMBOL           CLOSE       ATR STOP    ATR         SIGNAL BAR  
2026-07-20 14:57:07 [INFO]   ------------------------------------------------------------------
2026-07-20 14:57:07 [INFO]   1     COALINDIA        429.75      427.85      0.95        current     
2026-07-20 14:57:07 [INFO]   2     SBILIFE          1820.40     1803.20     8.60        current     
2026-07-20 14:57:07 [INFO]   3     BAJAJ-AUTO       10488.00    10452.00    18.00       1 ago       
2026-07-20 14:57:07 [INFO]   ------------------------------------------------------------------
2026-07-20 14:57:07 [INFO]   Total: 3 / 3 stocks with BUY signals
2026-07-20 14:57:07 [INFO] ======================================================================
2026-07-20 14:57:07 [INFO] ✅ Telegram alert sent successfully.
2026-07-20 14:58:07 [INFO] Fetching constituents for 'NIFTY50' from NiftyIndices CSV...
2026-07-20 14:58:07 [INFO] Successfully fetched 50 symbols.
2026-07-20 14:58:07 [INFO] ======================================================================
2026-07-20 14:58:07 [INFO]   UT Bot Buy Signal Screener — NIFTY50
2026-07-20 14:58:07 [INFO] ======================================================================
2026-07-20 14:58:07 [INFO]   Segment       : NIFTY50
2026-07-20 14:58:07 [INFO]   Timeframe     : 15m
2026-07-20 14:58:07 [INFO]   Lookback      : 3 candles (current + 2 prior)
2026-07-20 14:58:07 [INFO]   Symbols       : 50 stocks
2026-07-20 14:58:07 [INFO]   Data Source   : YFINANCE
2026-07-20 14:58:07 [INFO]   Scan Time     : 2026-07-20 14:58:07
2026-07-20 14:58:07 [INFO] ======================================================================
2026-07-20 14:58:08 [INFO]   [ 1/50] ADANIENT        —
2026-07-20 14:58:08 [INFO]   [ 2/50] APOLLOHOSP      —
2026-07-20 14:58:08 [INFO]   [ 3/50] ASIANPAINT      —
2026-07-20 14:58:08 [INFO]   [ 4/50] ADANIPORTS      —
2026-07-20 14:58:08 [INFO]   [ 5/50] BEL             —
2026-07-20 14:58:08 [INFO]   [ 6/50] BHARTIARTL      —
2026-07-20 14:58:08 [INFO]   [ 7/50] BAJAJFINSV      —
2026-07-20 14:58:08 [INFO]   [ 8/50] AXISBANK        —
2026-07-20 14:58:08 [INFO]   [ 9/50] BAJAJ-AUTO      ✅ BUY
2026-07-20 14:58:08 [INFO]   [10/50] BAJFINANCE      —
2026-07-20 14:58:09 [INFO]   [11/50] HINDALCO        —
2026-07-20 14:58:09 [INFO]   [12/50] CIPLA           —
2026-07-20 14:58:09 [INFO]   [13/50] DRREDDY         —
2026-07-20 14:58:09 [INFO]   [14/50] EICHERMOT       —
2026-07-20 14:58:09 [INFO]   [15/50] ETERNAL         —
2026-07-20 14:58:09 [INFO]   [16/50] HDFCBANK        —
2026-07-20 14:58:09 [INFO]   [17/50] HCLTECH         —
2026-07-20 14:58:09 [INFO]   [18/50] HDFCLIFE        —
2026-07-20 14:58:09 [INFO]   [19/50] COALINDIA       ✅ BUY
2026-07-20 14:58:09 [INFO]   [20/50] GRASIM          —
2026-07-20 14:58:09 [INFO]   [21/50] ICICIBANK       —
2026-07-20 14:58:09 [INFO]   [22/50] HINDUNILVR      —
2026-07-20 14:58:09 [INFO]   [23/50] ITC             —
2026-07-20 14:58:09 [INFO]   [24/50] KOTAKBANK       —
2026-07-20 14:58:09 [INFO]   [25/50] LT              —
2026-07-20 14:58:09 [INFO]   [26/50] INFY            —
2026-07-20 14:58:10 [INFO]   [27/50] M&M             —
2026-07-20 14:58:10 [INFO]   [28/50] JSWSTEEL        —
2026-07-20 14:58:10 [INFO]   [29/50] MARUTI          ✅ BUY
2026-07-20 14:58:10 [INFO]   [30/50] INDIGO          —
2026-07-20 14:58:10 [INFO]   [31/50] NESTLEIND       —
2026-07-20 14:58:10 [INFO]   [32/50] JIOFIN          —
2026-07-20 14:58:10 [INFO]   [33/50] ONGC            —
2026-07-20 14:58:10 [INFO]   [34/50] NTPC            —
2026-07-20 14:58:10 [INFO]   [35/50] RELIANCE        —
2026-07-20 14:58:10 [INFO]   [36/50] POWERGRID       —
2026-07-20 14:58:10 [INFO]   [37/50] SBILIFE         ✅ BUY
2026-07-20 14:58:10 [INFO]   [38/50] SBIN            —
2026-07-20 14:58:10 [INFO]   [39/50] MAXHEALTH       —
2026-07-20 14:58:10 [INFO]   [40/50] TITAN           —
2026-07-20 14:58:10 [INFO]   [41/50] SUNPHARMA       —
2026-07-20 14:58:10 [INFO]   [42/50] TCS             —
2026-07-20 14:58:10 [INFO]   [43/50] TATASTEEL       —
2026-07-20 14:58:10 [INFO]   [44/50] TATACONSUM      —
2026-07-20 14:58:10 [INFO]   [45/50] TECHM           —
2026-07-20 14:58:10 [INFO]   [46/50] TRENT           —
2026-07-20 14:58:11 [INFO]   [47/50] ULTRACEMCO      —
2026-07-20 14:58:11 [INFO]   [48/50] SHRIRAMFIN      —
2026-07-20 14:58:11 [INFO]   [49/50] WIPRO           —
2026-07-20 14:58:11 [INFO]   [50/50] TMPV            —
2026-07-20 14:58:11 [INFO] Fetching constituents for 'NIFTY50' from NiftyIndices CSV...
2026-07-20 14:58:11 [INFO] Successfully fetched 50 symbols.
2026-07-20 14:58:11 [INFO] 
2026-07-20 14:58:11 [INFO] ======================================================================
2026-07-20 14:58:11 [INFO]   🟢 NIFTY50 — UT Bot BUY Signals (15m)
2026-07-20 14:58:11 [INFO] ======================================================================
2026-07-20 14:58:11 [INFO]   #     SYMBOL           CLOSE       ATR STOP    ATR         SIGNAL BAR  
2026-07-20 14:58:11 [INFO]   ------------------------------------------------------------------
2026-07-20 14:58:11 [INFO]   1     COALINDIA        429.90      427.70      1.10        current     
2026-07-20 14:58:11 [INFO]   2     MARUTI           13515.00    13379.00    68.00       current     
2026-07-20 14:58:11 [INFO]   3     SBILIFE          1820.90     1802.70     9.10        current     
2026-07-20 14:58:11 [INFO]   4     BAJAJ-AUTO       10488.00    10452.00    18.00       1 ago       
2026-07-20 14:58:11 [INFO]   ------------------------------------------------------------------
2026-07-20 14:58:11 [INFO]   Total: 4 / 50 stocks with BUY signals
2026-07-20 14:58:11 [INFO] ======================================================================
2026-07-20 14:58:12 [INFO] ✅ Telegram alert sent successfully.
2026-07-20 14:58:27 [INFO] Fetching constituents for 'BANKNIFTY' from NiftyIndices CSV...
2026-07-20 14:58:27 [INFO] Successfully fetched 14 symbols.
2026-07-20 14:58:27 [INFO] ======================================================================
2026-07-20 14:58:27 [INFO]   UT Bot Buy Signal Screener — BANKNIFTY
2026-07-20 14:58:27 [INFO] ======================================================================
2026-07-20 14:58:27 [INFO]   Segment       : BANKNIFTY
2026-07-20 14:58:27 [INFO]   Timeframe     : 15m
2026-07-20 14:58:27 [INFO]   Lookback      : 3 candles (current + 2 prior)
2026-07-20 14:58:27 [INFO]   Symbols       : 14 stocks
2026-07-20 14:58:27 [INFO]   Data Source   : YFINANCE
2026-07-20 14:58:27 [INFO]   Scan Time     : 2026-07-20 14:58:27
2026-07-20 14:58:27 [INFO] ======================================================================
2026-07-20 14:58:29 [INFO]   [ 1/14] INDUSINDBK      —
2026-07-20 14:58:29 [INFO]   [ 2/14] AXISBANK        —
2026-07-20 14:58:29 [INFO]   [ 3/14] HDFCBANK        —
2026-07-20 14:58:29 [INFO]   [ 4/14] KOTAKBANK       —
2026-07-20 14:58:29 [INFO]   [ 5/14] ICICIBANK       —
2026-07-20 14:58:29 [INFO]   [ 6/14] AUBANK          —
2026-07-20 14:58:29 [INFO]   [ 7/14] FEDERALBNK      —
2026-07-20 14:58:29 [INFO]   [ 8/14] IDFCFIRSTB      —
2026-07-20 14:58:29 [INFO]   [ 9/14] SBIN            —
2026-07-20 14:58:29 [INFO]   [10/14] BANKBARODA      —
2026-07-20 14:58:29 [INFO]   [11/14] CANBK           —
2026-07-20 14:58:29 [INFO]   [12/14] PNB             —
2026-07-20 14:58:29 [INFO]   [13/14] YESBANK         —
2026-07-20 14:58:29 [INFO]   [14/14] UNIONBANK       —
2026-07-20 14:58:29 [INFO] Fetching constituents for 'BANKNIFTY' from NiftyIndices CSV...
2026-07-20 14:58:30 [INFO] Successfully fetched 14 symbols.
2026-07-20 14:58:30 [INFO] 
2026-07-20 14:58:30 [INFO] ======================================================================
2026-07-20 14:58:30 [INFO]   📭 NO BUY SIGNALS FOUND in BANKNIFTY
2026-07-20 14:58:30 [INFO] ======================================================================
2026-07-20 14:58:31 [INFO] ✅ Telegram alert sent successfully.
2026-07-20 15:00:41 [INFO] Fetching constituents for 'NIFTY100' from NiftyIndices CSV...
2026-07-20 15:00:41 [INFO] Successfully fetched 100 symbols.
2026-07-20 15:00:41 [INFO] ======================================================================
2026-07-20 15:00:41 [INFO]   UT Bot Buy Signal Screener — NIFTY100
2026-07-20 15:00:41 [INFO] ======================================================================
2026-07-20 15:00:41 [INFO]   Segment       : NIFTY100
2026-07-20 15:00:41 [INFO]   Timeframe     : 15m
2026-07-20 15:00:41 [INFO]   Lookback      : 3 candles (current + 2 prior)
2026-07-20 15:00:41 [INFO]   Symbols       : 100 stocks
2026-07-20 15:00:41 [INFO]   Data Source   : YFINANCE
2026-07-20 15:00:41 [INFO]   Scan Time     : 2026-07-20 15:00:41
2026-07-20 15:00:41 [INFO] ======================================================================
2026-07-20 15:00:42 [INFO]   [ 1/100] ASIANPAINT      —
2026-07-20 15:00:42 [INFO]   [ 2/100] ADANIPORTS      —
2026-07-20 15:00:42 [INFO]   [ 3/100] AXISBANK        —
2026-07-20 15:00:42 [INFO]   [ 4/100] ADANIENT        —
2026-07-20 15:00:42 [INFO]   [ 5/100] APOLLOHOSP      —
2026-07-20 15:00:42 [INFO]   [ 6/100] ADANIGREEN      —
2026-07-20 15:00:42 [INFO]   [ 7/100] ADANIENSOL      —
2026-07-20 15:00:42 [INFO]   [ 8/100] AMBUJACEM       —
2026-07-20 15:00:43 [INFO]   [ 9/100] BAJAJ-AUTO      ✅ BUY
2026-07-20 15:00:43 [INFO]   [10/100] ABB             —
2026-07-20 15:00:43 [INFO]   [11/100] ADANIPOWER      —
2026-07-20 15:00:43 [INFO]   [12/100] BAJFINANCE      —
2026-07-20 15:00:43 [INFO]   [13/100] BAJAJFINSV      —
2026-07-20 15:00:43 [INFO]   [14/100] BANKBARODA      —
2026-07-20 15:00:43 [INFO]   [15/100] BHARTIARTL      —
2026-07-20 15:00:43 [INFO]   [16/100] BEL             —
2026-07-20 15:00:43 [INFO]   [17/100] BPCL            —
2026-07-20 15:00:43 [INFO]   [18/100] BRITANNIA       —
2026-07-20 15:00:43 [INFO]   [19/100] CANBK           —
2026-07-20 15:00:43 [INFO]   [20/100] BAJAJHLDNG      —
2026-07-20 15:00:43 [INFO]   [21/100] BOSCHLTD        —
2026-07-20 15:00:43 [INFO]   [22/100] CIPLA           —
2026-07-20 15:00:43 [INFO]   [23/100] COALINDIA       ✅ BUY
2026-07-20 15:00:43 [INFO]   [24/100] CGPOWER         —
2026-07-20 15:00:43 [INFO]   [25/100] CHOLAFIN        —
2026-07-20 15:00:43 [INFO]   [26/100] DRREDDY         —
2026-07-20 15:00:44 [INFO]   [27/100] CUMMINSIND      —
2026-07-20 15:00:44 [INFO]   [28/100] EICHERMOT       —
2026-07-20 15:00:44 [INFO]   [29/100] ETERNAL         —
2026-07-20 15:00:44 [INFO]   [30/100] DMART           —
2026-07-20 15:00:44 [INFO]   [31/100] DIVISLAB        —
2026-07-20 15:00:44 [INFO]   [32/100] DLF             —
2026-07-20 15:00:44 [INFO]   [33/100] ENRIN           —
2026-07-20 15:00:44 [INFO]   [34/100] HDFCBANK        —
2026-07-20 15:00:44 [INFO]   [35/100] HCLTECH         —
2026-07-20 15:00:44 [INFO]   [36/100] GRASIM          —
2026-07-20 15:00:44 [INFO]   [37/100] HINDALCO        —
2026-07-20 15:00:44 [INFO]   [38/100] HDFCLIFE        —
2026-07-20 15:00:44 [INFO]   [39/100] GAIL            —
2026-07-20 15:00:44 [INFO]   [40/100] HINDUNILVR      —
2026-07-20 15:00:44 [INFO]   [41/100] HDFCAMC         —
2026-07-20 15:00:44 [INFO]   [42/100] GODREJCP        —
2026-07-20 15:00:44 [INFO]   [43/100] HAL             —
2026-07-20 15:00:44 [INFO]   [44/100] ICICIBANK       —
2026-07-20 15:00:44 [INFO]   [45/100] INFY            —
2026-07-20 15:00:44 [INFO]   [46/100] INDIGO          —
2026-07-20 15:00:45 [INFO]   [47/100] HINDZINC        —
2026-07-20 15:00:45 [INFO]   [48/100] INDHOTEL        —
2026-07-20 15:00:45 [INFO]   [49/100] HYUNDAI         —
2026-07-20 15:00:45 [INFO]   [50/100] ITC             —
2026-07-20 15:00:45 [INFO]   [51/100] KOTAKBANK       —
2026-07-20 15:00:45 [INFO]   [52/100] JIOFIN          —
2026-07-20 15:00:45 [INFO]   [53/100] JSWSTEEL        —
2026-07-20 15:00:45 [INFO]   [54/100] IOC             —
2026-07-20 15:00:45 [INFO]   [55/100] IRFC            —
2026-07-20 15:00:45 [INFO]   [56/100] LT              —
2026-07-20 15:00:45 [INFO]   [57/100] M&M             —
2026-07-20 15:00:45 [INFO]   [58/100] JINDALSTEL      ✅ BUY
2026-07-20 15:00:45 [INFO]   [59/100] MAXHEALTH       —
2026-07-20 15:00:45 [INFO]   [60/100] MARUTI          —
2026-07-20 15:00:45 [INFO]   [61/100] LODHA           —
2026-07-20 15:00:45 [INFO]   [62/100] LTM             —
2026-07-20 15:00:45 [INFO]   [63/100] NESTLEIND       —
2026-07-20 15:00:46 [INFO]   [64/100] NTPC            —
2026-07-20 15:00:46 [INFO]   [65/100] MAZDOCK         —
2026-07-20 15:00:46 [INFO]   [66/100] ONGC            —
2026-07-20 15:00:46 [INFO]   [67/100] MOTHERSON       —
2026-07-20 15:00:46 [INFO]   [68/100] MUTHOOTFIN      —
2026-07-20 15:00:46 [INFO]   [69/100] PNB             —
2026-07-20 15:00:46 [INFO]   [70/100] POWERGRID       —
2026-07-20 15:00:46 [INFO]   [71/100] SBIN            —
2026-07-20 15:00:46 [INFO]   [72/100] PIDILITIND      —
2026-07-20 15:00:46 [INFO]   [73/100] SBILIFE         ✅ BUY
2026-07-20 15:00:46 [INFO]   [74/100] PFC             —
2026-07-20 15:00:46 [INFO]   [75/100] RELIANCE        —
2026-07-20 15:00:46 [INFO]   [76/100] SHRIRAMFIN      —
2026-07-20 15:00:46 [INFO]   [77/100] RECLTD          —
2026-07-20 15:00:46 [INFO]   [78/100] SHREECEM        —
2026-07-20 15:00:46 [INFO]   [79/100] SUNPHARMA       —
2026-07-20 15:00:46 [INFO]   [80/100] TATACONSUM      —
2026-07-20 15:00:46 [INFO]   [81/100] TATASTEEL       —
2026-07-20 15:00:46 [INFO]   [82/100] SIEMENS         —
2026-07-20 15:00:46 [INFO]   [83/100] TCS             —
2026-07-20 15:00:47 [INFO]   [84/100] SOLARINDS       —
2026-07-20 15:00:47 [INFO]   [85/100] TECHM           —
2026-07-20 15:00:47 [INFO]   [86/100] TATACAP         —
2026-07-20 15:00:47 [INFO]   [87/100] TITAN           —
2026-07-20 15:00:47 [INFO]   [88/100] TMPV            —
2026-07-20 15:00:47 [INFO]   [89/100] TATAPOWER       —
2026-07-20 15:00:47 [INFO]   [90/100] TRENT           —
2026-07-20 15:00:47 [INFO]   [91/100] ULTRACEMCO      —
2026-07-20 15:00:47 [INFO]   [92/100] UNIONBANK       —
2026-07-20 15:00:47 [INFO]   [93/100] TMCV            ✅ BUY
2026-07-20 15:00:47 [INFO]   [94/100] TORNTPHARM      —
2026-07-20 15:00:47 [INFO]   [95/100] WIPRO           —
2026-07-20 15:00:47 [INFO]   [96/100] TVSMOTOR        —
2026-07-20 15:00:47 [INFO]   [97/100] ZYDUSLIFE       —
2026-07-20 15:00:47 [INFO]   [98/100] UNITDSPR        —
2026-07-20 15:00:47 [INFO]   [99/100] VBL             —
2026-07-20 15:00:47 [INFO]   [100/100] VEDL            —
2026-07-20 15:00:47 [INFO] Fetching constituents for 'NIFTY100' from NiftyIndices CSV...
2026-07-20 15:00:48 [INFO] Successfully fetched 100 symbols.
2026-07-20 15:00:48 [INFO] 
2026-07-20 15:00:48 [INFO] ======================================================================
2026-07-20 15:00:48 [INFO]   🟢 NIFTY100 — UT Bot BUY Signals (15m)
2026-07-20 15:00:48 [INFO] ======================================================================
2026-07-20 15:00:48 [INFO]   #     SYMBOL           CLOSE       ATR STOP    ATR         SIGNAL BAR  
2026-07-20 15:00:48 [INFO]   ------------------------------------------------------------------
2026-07-20 15:00:48 [INFO]   1     COALINDIA        429.60      427.40      1.10        1 ago       
2026-07-20 15:00:48 [INFO]   2     SBILIFE          1820.90     1800.10     10.40       1 ago       
2026-07-20 15:00:48 [INFO]   3     BAJAJ-AUTO       10488.00    10452.00    18.00       2 ago       
2026-07-20 15:00:48 [INFO]   4     JINDALSTEL       1033.80     1022.00     5.90        2 ago       
2026-07-20 15:00:48 [INFO]   5     TMCV             409.40      405.60      1.90        2 ago       
2026-07-20 15:00:48 [INFO]   ------------------------------------------------------------------
2026-07-20 15:00:48 [INFO]   Total: 5 / 100 stocks with BUY signals
2026-07-20 15:00:48 [INFO] ======================================================================
2026-07-20 15:00:49 [INFO] ✅ Telegram alert sent successfully.
2026-07-20 15:05:27 [INFO] Fetching constituents for 'NIFTY100' from NiftyIndices CSV...
2026-07-20 15:05:27 [INFO] Successfully fetched 100 symbols.
2026-07-20 15:05:27 [INFO] ======================================================================
2026-07-20 15:05:27 [INFO]   UT Bot Buy Signal Screener — NIFTY100
2026-07-20 15:05:27 [INFO] ======================================================================
2026-07-20 15:05:27 [INFO]   Segment       : NIFTY100
2026-07-20 15:05:27 [INFO]   Timeframe     : 15m
2026-07-20 15:05:27 [INFO]   Lookback      : 3 candles (current + 2 prior)
2026-07-20 15:05:27 [INFO]   Symbols       : 100 stocks
2026-07-20 15:05:27 [INFO]   Data Source   : YFINANCE
2026-07-20 15:05:27 [INFO]   Scan Time     : 2026-07-20 15:05:27
2026-07-20 15:05:27 [INFO] ======================================================================
2026-07-20 15:05:29 [INFO]   [ 1/100] ADANIENSOL      —
2026-07-20 15:05:29 [INFO]   [ 2/100] AMBUJACEM       —
2026-07-20 15:05:29 [INFO]   [ 3/100] ADANIPORTS      —
2026-07-20 15:05:29 [INFO]   [ 4/100] ADANIENT        —
2026-07-20 15:05:29 [INFO]   [ 5/100] ADANIGREEN      —
2026-07-20 15:05:29 [INFO]   [ 6/100] AXISBANK        —
2026-07-20 15:05:29 [INFO]   [ 7/100] ADANIPOWER      —
2026-07-20 15:05:29 [INFO]   [ 8/100] ASIANPAINT      ✅ BUY
2026-07-20 15:05:29 [INFO]   [ 9/100] ABB             —
2026-07-20 15:05:29 [INFO]   [10/100] APOLLOHOSP      —
2026-07-20 15:05:29 [INFO]   [11/100] BAJAJFINSV      —
2026-07-20 15:05:29 [INFO]   [12/100] BAJAJ-AUTO      ✅ BUY
2026-07-20 15:05:29 [INFO]   [13/100] BAJAJHLDNG      —
2026-07-20 15:05:29 [INFO]   [14/100] BANKBARODA      —
2026-07-20 15:05:29 [INFO]   [15/100] BRITANNIA       —
2026-07-20 15:05:29 [INFO]   [16/100] BEL             ✅ BUY
2026-07-20 15:05:29 [INFO]   [17/100] BOSCHLTD        —
2026-07-20 15:05:29 [INFO]   [18/100] BAJFINANCE      —
2026-07-20 15:05:29 [INFO]   [19/100] BPCL            —
2026-07-20 15:05:29 [INFO]   [20/100] BHARTIARTL      —
2026-07-20 15:05:29 [INFO]   [21/100] CANBK           —
2026-07-20 15:05:30 [INFO]   [22/100] CHOLAFIN        —
2026-07-20 15:05:30 [INFO]   [23/100] COALINDIA       ✅ BUY
2026-07-20 15:05:30 [INFO]   [24/100] CGPOWER         —
2026-07-20 15:05:30 [INFO]   [25/100] CUMMINSIND      —
2026-07-20 15:05:30 [INFO]   [26/100] DIVISLAB        —
2026-07-20 15:05:30 [INFO]   [27/100] DMART           —
2026-07-20 15:05:30 [INFO]   [28/100] DRREDDY         —
2026-07-20 15:05:30 [INFO]   [29/100] DLF             —
2026-07-20 15:05:30 [INFO]   [30/100] CIPLA           —
2026-07-20 15:05:30 [INFO]   [31/100] EICHERMOT       —
2026-07-20 15:05:30 [INFO]   [32/100] ETERNAL         —
2026-07-20 15:05:30 [INFO]   [33/100] ENRIN           —
2026-07-20 15:05:30 [INFO]   [34/100] HDFCBANK        —
2026-07-20 15:05:30 [INFO]   [35/100] GRASIM          —
2026-07-20 15:05:30 [INFO]   [36/100] HAL             —
2026-07-20 15:05:30 [INFO]   [37/100] GODREJCP        —
2026-07-20 15:05:30 [INFO]   [38/100] GAIL            —
2026-07-20 15:05:30 [INFO]   [39/100] HCLTECH         —
2026-07-20 15:05:30 [INFO]   [40/100] HDFCAMC         —
2026-07-20 15:05:30 [INFO]   [41/100] HDFCLIFE        —
2026-07-20 15:05:30 [INFO]   [42/100] HINDALCO        —
2026-07-20 15:05:30 [INFO]   [43/100] HINDUNILVR      —
2026-07-20 15:05:30 [INFO]   [44/100] HYUNDAI         —
2026-07-20 15:05:30 [INFO]   [45/100] IOC             —
2026-07-20 15:05:30 [INFO]   [46/100] INFY            —
2026-07-20 15:05:30 [INFO]   [47/100] INDHOTEL        —
2026-07-20 15:05:31 [INFO]   [48/100] INDIGO          —
2026-07-20 15:05:31 [INFO]   [49/100] ICICIBANK       —
2026-07-20 15:05:31 [INFO]   [50/100] HINDZINC        —
2026-07-20 15:05:31 [INFO]   [51/100] IRFC            —
2026-07-20 15:05:31 [INFO]   [52/100] ITC             —
2026-07-20 15:05:31 [INFO]   [53/100] JINDALSTEL      ✅ BUY
2026-07-20 15:05:31 [INFO]   [54/100] JIOFIN          —
2026-07-20 15:05:31 [INFO]   [55/100] JSWSTEEL        —
2026-07-20 15:05:31 [INFO]   [56/100] LTM             —
2026-07-20 15:05:31 [INFO]   [57/100] LODHA           —
2026-07-20 15:05:31 [INFO]   [58/100] M&M             —
2026-07-20 15:05:31 [INFO]   [59/100] KOTAKBANK       —
2026-07-20 15:05:31 [INFO]   [60/100] LT              —
2026-07-20 15:05:31 [INFO]   [61/100] MARUTI          —
2026-07-20 15:05:31 [INFO]   [62/100] MAXHEALTH       —
2026-07-20 15:05:31 [INFO]   [63/100] MAZDOCK         —
2026-07-20 15:05:31 [INFO]   [64/100] MOTHERSON       —
2026-07-20 15:05:31 [INFO]   [65/100] MUTHOOTFIN      —
2026-07-20 15:05:31 [INFO]   [66/100] NESTLEIND       —
2026-07-20 15:05:31 [INFO]   [67/100] PNB             —
2026-07-20 15:05:31 [INFO]   [68/100] NTPC            —
2026-07-20 15:05:31 [INFO]   [69/100] ONGC            —
2026-07-20 15:05:31 [INFO]   [70/100] PIDILITIND      —
2026-07-20 15:05:31 [INFO]   [71/100] PFC             —
2026-07-20 15:05:31 [INFO]   [72/100] RECLTD          —
2026-07-20 15:05:31 [INFO]   [73/100] RELIANCE        —
2026-07-20 15:05:31 [INFO]   [74/100] POWERGRID       —
2026-07-20 15:05:32 [INFO]   [75/100] SBILIFE         ✅ BUY
2026-07-20 15:05:32 [INFO]   [76/100] SBIN            —
2026-07-20 15:05:32 [INFO]   [77/100] SHREECEM        —
2026-07-20 15:05:32 [INFO]   [78/100] SHRIRAMFIN      —
2026-07-20 15:05:32 [INFO]   [79/100] SOLARINDS       —
2026-07-20 15:05:32 [INFO]   [80/100] SIEMENS         —
2026-07-20 15:05:32 [INFO]   [81/100] SUNPHARMA       —
2026-07-20 15:05:32 [INFO]   [82/100] TATACAP         —
2026-07-20 15:05:32 [INFO]   [83/100] TATACONSUM      —
2026-07-20 15:05:32 [INFO]   [84/100] TATAPOWER       —
2026-07-20 15:05:32 [INFO]   [85/100] TATASTEEL       —
2026-07-20 15:05:32 [INFO]   [86/100] TECHM           —
2026-07-20 15:05:32 [INFO]   [87/100] TCS             —
2026-07-20 15:05:32 [INFO]   [88/100] TMPV            —
2026-07-20 15:05:32 [INFO]   [89/100] TORNTPHARM      —
2026-07-20 15:05:32 [INFO]   [90/100] TITAN           —
2026-07-20 15:05:32 [INFO]   [91/100] TMCV            —
2026-07-20 15:05:32 [INFO]   [92/100] TVSMOTOR        —
2026-07-20 15:05:32 [INFO]   [93/100] TRENT           —
2026-07-20 15:05:32 [INFO]   [94/100] ULTRACEMCO      —
2026-07-20 15:05:32 [INFO]   [95/100] UNIONBANK       —
2026-07-20 15:05:32 [INFO]   [96/100] UNITDSPR        —
2026-07-20 15:05:32 [INFO]   [97/100] VBL             —
2026-07-20 15:05:32 [INFO]   [98/100] VEDL            —
2026-07-20 15:05:32 [INFO]   [99/100] WIPRO           —
2026-07-20 15:05:32 [INFO]   [100/100] ZYDUSLIFE       —
2026-07-20 15:05:32 [INFO] Fetching constituents for 'NIFTY100' from NiftyIndices CSV...
2026-07-20 15:05:33 [INFO] Successfully fetched 100 symbols.
2026-07-20 15:05:33 [INFO] 
2026-07-20 15:05:33 [INFO] ======================================================================
2026-07-20 15:05:33 [INFO]   🟢 NIFTY100 — UT Bot BUY Signals (15m)
2026-07-20 15:05:33 [INFO] ======================================================================
2026-07-20 15:05:33 [INFO]   #     SYMBOL           CLOSE       ATR STOP    ATR         SIGNAL BAR  
2026-07-20 15:05:33 [INFO]   ------------------------------------------------------------------
2026-07-20 15:05:33 [INFO]   1     ASIANPAINT       2691.90     2678.90     6.50        current     
2026-07-20 15:05:33 [INFO]   2     BEL              407.95      406.55      0.70        current     
2026-07-20 15:05:33 [INFO]   3     COALINDIA        429.60      427.40      1.10        1 ago       
2026-07-20 15:05:33 [INFO]   4     SBILIFE          1820.90     1800.10     10.40       1 ago       
2026-07-20 15:05:33 [INFO]   5     BAJAJ-AUTO       10488.00    10452.00    18.00       2 ago       
2026-07-20 15:05:33 [INFO]   6     JINDALSTEL       1033.80     1022.00     5.90        2 ago       
2026-07-20 15:05:33 [INFO]   ------------------------------------------------------------------
2026-07-20 15:05:33 [INFO]   Total: 6 / 100 stocks with BUY signals
2026-07-20 15:05:33 [INFO] ======================================================================
2026-07-20 15:05:34 [INFO] ✅ Telegram alert sent successfully.
2026-07-20 15:07:03 [INFO] Fetching constituents for 'NIFTY100' from NiftyIndices CSV...
2026-07-20 15:07:03 [INFO] Successfully fetched 100 symbols.
2026-07-20 15:07:03 [INFO] ======================================================================
2026-07-20 15:07:03 [INFO]   UT Bot Buy Signal Screener — NIFTY100
2026-07-20 15:07:03 [INFO] ======================================================================
2026-07-20 15:07:03 [INFO]   Segment       : NIFTY100
2026-07-20 15:07:03 [INFO]   Timeframe     : 15m
2026-07-20 15:07:03 [INFO]   Lookback      : 3 candles (current + 2 prior)
2026-07-20 15:07:03 [INFO]   Symbols       : 100 stocks
2026-07-20 15:07:03 [INFO]   Data Source   : YFINANCE
2026-07-20 15:07:03 [INFO]   Scan Time     : 2026-07-20 15:07:03
2026-07-20 15:07:03 [INFO] ======================================================================
2026-07-20 15:07:05 [INFO]   [ 1/100] ADANIPORTS      —
2026-07-20 15:07:05 [INFO]   [ 2/100] ADANIPOWER      —
2026-07-20 15:07:05 [INFO]   [ 3/100] ABB             —
2026-07-20 15:07:05 [INFO]   [ 4/100] ADANIENSOL      —
2026-07-20 15:07:05 [INFO]   [ 5/100] ASIANPAINT      ✅ BUY
2026-07-20 15:07:05 [INFO]   [ 6/100] APOLLOHOSP      —
2026-07-20 15:07:05 [INFO]   [ 7/100] AXISBANK        —
2026-07-20 15:07:05 [INFO]   [ 8/100] ADANIENT        —
2026-07-20 15:07:05 [INFO]   [ 9/100] AMBUJACEM       —
2026-07-20 15:07:05 [INFO]   [10/100] ADANIGREEN      —
2026-07-20 15:07:05 [INFO]   [11/100] BAJAJFINSV      —
2026-07-20 15:07:05 [INFO]   [12/100] BAJAJ-AUTO      ✅ BUY
2026-07-20 15:07:05 [INFO]   [13/100] BAJAJHLDNG      —
2026-07-20 15:07:05 [INFO]   [14/100] BHARTIARTL      —
2026-07-20 15:07:05 [INFO]   [15/100] BAJFINANCE      —
2026-07-20 15:07:05 [INFO]   [16/100] BRITANNIA       —
2026-07-20 15:07:05 [INFO]   [17/100] BANKBARODA      —
2026-07-20 15:07:05 [INFO]   [18/100] BOSCHLTD        —
2026-07-20 15:07:05 [INFO]   [19/100] BPCL            —
2026-07-20 15:07:05 [INFO]   [20/100] BEL             ✅ BUY
2026-07-20 15:07:05 [INFO]   [21/100] CANBK           —
2026-07-20 15:07:06 [INFO]   [22/100] CHOLAFIN        —
2026-07-20 15:07:06 [INFO]   [23/100] CGPOWER         —
2026-07-20 15:07:06 [INFO]   [24/100] COALINDIA       ✅ BUY
2026-07-20 15:07:06 [INFO]   [25/100] CIPLA           —
2026-07-20 15:07:06 [INFO]   [26/100] DIVISLAB        —
2026-07-20 15:07:06 [INFO]   [27/100] CUMMINSIND      —
2026-07-20 15:07:06 [INFO]   [28/100] DLF             —
2026-07-20 15:07:06 [INFO]   [29/100] DMART           —
2026-07-20 15:07:06 [INFO]   [30/100] ENRIN           —
2026-07-20 15:07:06 [INFO]   [31/100] DRREDDY         —
2026-07-20 15:07:06 [INFO]   [32/100] ETERNAL         —
2026-07-20 15:07:06 [INFO]   [33/100] GAIL            —
2026-07-20 15:07:06 [INFO]   [34/100] EICHERMOT       —
2026-07-20 15:07:06 [INFO]   [35/100] GODREJCP        —
2026-07-20 15:07:06 [INFO]   [36/100] GRASIM          —
2026-07-20 15:07:06 [INFO]   [37/100] HAL             —
2026-07-20 15:07:06 [INFO]   [38/100] HCLTECH         —
2026-07-20 15:07:06 [INFO]   [39/100] HDFCBANK        —
2026-07-20 15:07:06 [INFO]   [40/100] HDFCAMC         —
2026-07-20 15:07:06 [INFO]   [41/100] HDFCLIFE        —
2026-07-20 15:07:06 [INFO]   [42/100] HINDALCO        —
2026-07-20 15:07:07 [INFO]   [43/100] HINDUNILVR      —
2026-07-20 15:07:07 [INFO]   [44/100] HINDZINC        —
2026-07-20 15:07:07 [INFO]   [45/100] ICICIBANK       —
2026-07-20 15:07:07 [INFO]   [46/100] HYUNDAI         —
2026-07-20 15:07:07 [INFO]   [47/100] INDHOTEL        —
2026-07-20 15:07:07 [INFO]   [48/100] INFY            —
2026-07-20 15:07:07 [INFO]   [49/100] INDIGO          —
2026-07-20 15:07:07 [INFO]   [50/100] IOC             —
2026-07-20 15:07:07 [INFO]   [51/100] ITC             —
2026-07-20 15:07:07 [INFO]   [52/100] IRFC            —
2026-07-20 15:07:07 [INFO]   [53/100] JINDALSTEL      ✅ BUY
2026-07-20 15:07:07 [INFO]   [54/100] JIOFIN          —
2026-07-20 15:07:07 [INFO]   [55/100] JSWSTEEL        —
2026-07-20 15:07:07 [INFO]   [56/100] KOTAKBANK       —
2026-07-20 15:07:07 [INFO]   [57/100] LODHA           —
2026-07-20 15:07:07 [INFO]   [58/100] LT              —
2026-07-20 15:07:07 [INFO]   [59/100] M&M             —
2026-07-20 15:07:07 [INFO]   [60/100] MAXHEALTH       —
2026-07-20 15:07:07 [INFO]   [61/100] LTM             —
2026-07-20 15:07:07 [INFO]   [62/100] MARUTI          —
2026-07-20 15:07:07 [INFO]   [63/100] MAZDOCK         —
2026-07-20 15:07:07 [INFO]   [64/100] MOTHERSON       —
2026-07-20 15:07:07 [INFO]   [65/100] MUTHOOTFIN      —
2026-07-20 15:07:07 [INFO]   [66/100] NESTLEIND       —
2026-07-20 15:07:07 [INFO]   [67/100] NTPC            —
2026-07-20 15:07:08 [INFO]   [68/100] ONGC            —
2026-07-20 15:07:08 [INFO]   [69/100] PIDILITIND      —
2026-07-20 15:07:08 [INFO]   [70/100] POWERGRID       —
2026-07-20 15:07:08 [INFO]   [71/100] PFC             —
2026-07-20 15:07:08 [INFO]   [72/100] RECLTD          —
2026-07-20 15:07:08 [INFO]   [73/100] SBIN            —
2026-07-20 15:07:08 [INFO]   [74/100] RELIANCE        —
2026-07-20 15:07:08 [INFO]   [75/100] SBILIFE         ✅ BUY
2026-07-20 15:07:08 [INFO]   [76/100] SHREECEM        —
2026-07-20 15:07:08 [INFO]   [77/100] PNB             —
2026-07-20 15:07:08 [INFO]   [78/100] SHRIRAMFIN      —
2026-07-20 15:07:08 [INFO]   [79/100] SIEMENS         —
2026-07-20 15:07:08 [INFO]   [80/100] SOLARINDS       —
2026-07-20 15:07:08 [INFO]   [81/100] SUNPHARMA       —
2026-07-20 15:07:08 [INFO]   [82/100] TATAPOWER       —
2026-07-20 15:07:08 [INFO]   [83/100] TATACONSUM      —
2026-07-20 15:07:08 [INFO]   [84/100] TATASTEEL       —
2026-07-20 15:07:08 [INFO]   [85/100] TATACAP         —
2026-07-20 15:07:08 [INFO]   [86/100] TECHM           —
2026-07-20 15:07:08 [INFO]   [87/100] TCS             —
2026-07-20 15:07:08 [INFO]   [88/100] TITAN           —
2026-07-20 15:07:08 [INFO]   [89/100] TMCV            —
2026-07-20 15:07:09 [INFO]   [90/100] TMPV            —
2026-07-20 15:07:09 [INFO]   [91/100] TORNTPHARM      —
2026-07-20 15:07:09 [INFO]   [92/100] UNIONBANK       —
2026-07-20 15:07:09 [INFO]   [93/100] TRENT           —
2026-07-20 15:07:09 [INFO]   [94/100] TVSMOTOR        —
2026-07-20 15:07:09 [INFO]   [95/100] UNITDSPR        —
2026-07-20 15:07:09 [INFO]   [96/100] VEDL            —
2026-07-20 15:07:09 [INFO]   [97/100] VBL             —
2026-07-20 15:07:09 [INFO]   [98/100] ULTRACEMCO      —
2026-07-20 15:07:09 [INFO]   [99/100] WIPRO           —
2026-07-20 15:07:09 [INFO]   [100/100] ZYDUSLIFE       —
2026-07-20 15:07:09 [INFO] Fetching constituents for 'NIFTY100' from NiftyIndices CSV...
2026-07-20 15:07:09 [INFO] Successfully fetched 100 symbols.
2026-07-20 15:07:09 [INFO] 
2026-07-20 15:07:09 [INFO] ======================================================================
2026-07-20 15:07:09 [INFO]   🟢 NIFTY100 — UT Bot BUY Signals (15m)
2026-07-20 15:07:09 [INFO] ======================================================================
2026-07-20 15:07:09 [INFO]   #     SYMBOL           CLOSE       ATR STOP    ATR         SIGNAL BAR  
2026-07-20 15:07:09 [INFO]   ------------------------------------------------------------------
2026-07-20 15:07:09 [INFO]   1     ASIANPAINT       2692.70     2679.70     6.50        current     
2026-07-20 15:07:09 [INFO]   2     BEL              408.00      406.60      0.70        current     
2026-07-20 15:07:09 [INFO]   3     COALINDIA        429.60      427.40      1.10        1 ago       
2026-07-20 15:07:09 [INFO]   4     SBILIFE          1820.90     1800.10     10.40       1 ago       
2026-07-20 15:07:09 [INFO]   5     BAJAJ-AUTO       10488.00    10452.00    18.00       2 ago       
2026-07-20 15:07:09 [INFO]   6     JINDALSTEL       1033.80     1022.00     5.90        2 ago       
2026-07-20 15:07:09 [INFO]   ------------------------------------------------------------------
2026-07-20 15:07:09 [INFO]   Total: 6 / 100 stocks with BUY signals
2026-07-20 15:07:09 [INFO] ======================================================================
2026-07-20 15:07:10 [INFO] ✅ Telegram alert sent successfully.
2026-07-20 15:09:19 [INFO] Starting continuous scan mode (interval: 300s)
2026-07-20 15:09:19 [INFO] Press Ctrl+C to stop.

2026-07-20 15:09:19 [INFO] Fetching constituents for 'NIFTY100' from NiftyIndices CSV...
2026-07-20 15:09:20 [INFO] Successfully fetched 100 symbols.
2026-07-20 15:09:20 [INFO] ======================================================================
2026-07-20 15:09:20 [INFO]   UT Bot Buy Signal Screener — NIFTY100
2026-07-20 15:09:20 [INFO] ======================================================================
2026-07-20 15:09:20 [INFO]   Segment       : NIFTY100
2026-07-20 15:09:20 [INFO]   Timeframe     : 15m
2026-07-20 15:09:20 [INFO]   Lookback      : 3 candles (current + 2 prior)
2026-07-20 15:09:20 [INFO]   Symbols       : 100 stocks
2026-07-20 15:09:20 [INFO]   Data Source   : YFINANCE
2026-07-20 15:09:20 [INFO]   Scan Time     : 2026-07-20 15:09:20
2026-07-20 15:09:20 [INFO] ======================================================================
2026-07-20 15:09:21 [INFO]   [ 1/100] APOLLOHOSP      —
2026-07-20 15:09:21 [INFO]   [ 2/100] AMBUJACEM       —
2026-07-20 15:09:21 [INFO]   [ 3/100] ADANIPORTS      —
2026-07-20 15:09:21 [INFO]   [ 4/100] ADANIENT        —
2026-07-20 15:09:21 [INFO]   [ 5/100] ASIANPAINT      ✅ BUY
2026-07-20 15:09:21 [INFO]   [ 6/100] ADANIPOWER      —
2026-07-20 15:09:21 [INFO]   [ 7/100] ADANIENSOL      —
2026-07-20 15:09:21 [INFO]   [ 8/100] ABB             —
2026-07-20 15:09:21 [INFO]   [ 9/100] AXISBANK        —
2026-07-20 15:09:21 [INFO]   [10/100] ADANIGREEN      —
2026-07-20 15:09:22 [INFO]   [11/100] BAJAJFINSV      —
2026-07-20 15:09:22 [INFO]   [12/100] BANKBARODA      —
2026-07-20 15:09:22 [INFO]   [13/100] BPCL            —
2026-07-20 15:09:22 [INFO]   [14/100] BAJAJ-AUTO      ✅ BUY
2026-07-20 15:09:22 [INFO]   [15/100] BOSCHLTD        —
2026-07-20 15:09:22 [INFO]   [16/100] BEL             ✅ BUY
2026-07-20 15:09:22 [INFO]   [17/100] BAJAJHLDNG      —
2026-07-20 15:09:22 [INFO]   [18/100] BRITANNIA       —
2026-07-20 15:09:22 [INFO]   [19/100] BAJFINANCE      —
2026-07-20 15:09:22 [INFO]   [20/100] BHARTIARTL      —
2026-07-20 15:09:22 [INFO]   [21/100] CGPOWER         —
2026-07-20 15:09:22 [INFO]   [22/100] DIVISLAB        —
2026-07-20 15:09:22 [INFO]   [23/100] DMART           —
2026-07-20 15:09:22 [INFO]   [24/100] DRREDDY         —
2026-07-20 15:09:22 [INFO]   [25/100] COALINDIA       ✅ BUY
2026-07-20 15:09:22 [INFO]   [26/100] CANBK           —
2026-07-20 15:09:22 [INFO]   [27/100] CUMMINSIND      —
2026-07-20 15:09:22 [INFO]   [28/100] DLF             —
2026-07-20 15:09:22 [INFO]   [29/100] CIPLA           —
2026-07-20 15:09:22 [INFO]   [30/100] CHOLAFIN        —
2026-07-20 15:09:23 [INFO]   [31/100] EICHERMOT       —
2026-07-20 15:09:23 [INFO]   [32/100] GAIL            —
2026-07-20 15:09:23 [INFO]   [33/100] ETERNAL         —
2026-07-20 15:09:23 [INFO]   [34/100] GODREJCP        —
2026-07-20 15:09:23 [INFO]   [35/100] ENRIN           —
2026-07-20 15:09:23 [INFO]   [36/100] GRASIM          —
2026-07-20 15:09:23 [INFO]   [37/100] HDFCBANK        —
2026-07-20 15:09:23 [INFO]   [38/100] HDFCAMC         —
2026-07-20 15:09:23 [INFO]   [39/100] HAL             —
2026-07-20 15:09:23 [INFO]   [40/100] HCLTECH         —
2026-07-20 15:09:24 [INFO]   [41/100] HINDZINC        —
2026-07-20 15:09:24 [INFO]   [42/100] HDFCLIFE        —
2026-07-20 15:09:24 [INFO]   [43/100] INDIGO          —
2026-07-20 15:09:24 [INFO]   [44/100] HINDUNILVR      —
2026-07-20 15:09:24 [INFO]   [45/100] IOC             —
2026-07-20 15:09:24 [INFO]   [46/100] HINDALCO        —
2026-07-20 15:09:24 [INFO]   [47/100] ICICIBANK       —
2026-07-20 15:09:24 [INFO]   [48/100] INDHOTEL        —
2026-07-20 15:09:24 [INFO]   [49/100] INFY            —
2026-07-20 15:09:24 [INFO]   [50/100] HYUNDAI         —
2026-07-20 15:09:24 [INFO]   [51/100] ITC             —
2026-07-20 15:09:24 [INFO]   [52/100] IRFC            —
2026-07-20 15:09:24 [INFO]   [53/100] JINDALSTEL      ✅ BUY
2026-07-20 15:09:24 [INFO]   [54/100] LTM             —
2026-07-20 15:09:24 [INFO]   [55/100] JSWSTEEL        —
2026-07-20 15:09:24 [INFO]   [56/100] LT              —
2026-07-20 15:09:24 [INFO]   [57/100] JIOFIN          —
2026-07-20 15:09:24 [INFO]   [58/100] LODHA           —
2026-07-20 15:09:24 [INFO]   [59/100] KOTAKBANK       —
2026-07-20 15:09:24 [INFO]   [60/100] M&M             —
2026-07-20 15:09:25 [INFO]   [61/100] MARUTI          —
2026-07-20 15:09:25 [INFO]   [62/100] MAZDOCK         —
2026-07-20 15:09:25 [INFO]   [63/100] MAXHEALTH       —
2026-07-20 15:09:25 [INFO]   [64/100] MOTHERSON       —
2026-07-20 15:09:25 [INFO]   [65/100] MUTHOOTFIN      —
2026-07-20 15:09:25 [INFO]   [66/100] NTPC            —
2026-07-20 15:09:25 [INFO]   [67/100] PIDILITIND      —
2026-07-20 15:09:25 [INFO]   [68/100] NESTLEIND       —
2026-07-20 15:09:25 [INFO]   [69/100] PFC             —
2026-07-20 15:09:25 [INFO]   [70/100] ONGC            —
2026-07-20 15:09:25 [INFO]   [71/100] PNB             —
2026-07-20 15:09:25 [INFO]   [72/100] POWERGRID       —
2026-07-20 15:09:25 [INFO]   [73/100] RECLTD          —
2026-07-20 15:09:25 [INFO]   [74/100] RELIANCE        —
2026-07-20 15:09:25 [INFO]   [75/100] SBIN            —
2026-07-20 15:09:26 [INFO]   [76/100] SHREECEM        —
2026-07-20 15:09:26 [INFO]   [77/100] SOLARINDS       —
2026-07-20 15:09:26 [INFO]   [78/100] SUNPHARMA       —
2026-07-20 15:09:26 [INFO]   [79/100] SIEMENS         —
2026-07-20 15:09:26 [INFO]   [80/100] SHRIRAMFIN      —
2026-07-20 15:09:26 [INFO]   [81/100] TATACAP         —
2026-07-20 15:09:26 [INFO]   [82/100] TATACONSUM      —
2026-07-20 15:09:26 [INFO]   [83/100] TATAPOWER       —
2026-07-20 15:09:26 [INFO]   [84/100] SBILIFE         ✅ BUY
2026-07-20 15:09:26 [INFO]   [85/100] TATASTEEL       —
2026-07-20 15:09:26 [INFO]   [86/100] TECHM           —
2026-07-20 15:09:26 [INFO]   [87/100] TMPV            —
2026-07-20 15:09:26 [INFO]   [88/100] TVSMOTOR        —
2026-07-20 15:09:26 [INFO]   [89/100] TITAN           —
2026-07-20 15:09:26 [INFO]   [90/100] TCS             —
2026-07-20 15:09:26 [INFO]   [91/100] TORNTPHARM      —
2026-07-20 15:09:26 [INFO]   [92/100] TMCV            —
2026-07-20 15:09:26 [INFO]   [93/100] TRENT           —
2026-07-20 15:09:26 [INFO]   [94/100] ULTRACEMCO      —
2026-07-20 15:09:27 [INFO]   [95/100] UNIONBANK       —
2026-07-20 15:09:27 [INFO]   [96/100] UNITDSPR        —
2026-07-20 15:09:27 [INFO]   [97/100] ZYDUSLIFE       —
2026-07-20 15:09:27 [INFO]   [98/100] WIPRO           —
2026-07-20 15:09:27 [INFO]   [99/100] VEDL            —
2026-07-20 15:09:27 [INFO]   [100/100] VBL             —
2026-07-20 15:09:27 [INFO] Fetching constituents for 'NIFTY100' from NiftyIndices CSV...
2026-07-20 15:09:27 [INFO] Successfully fetched 100 symbols.
2026-07-20 15:09:27 [INFO] 
2026-07-20 15:09:27 [INFO] ======================================================================
2026-07-20 15:09:27 [INFO]   🟢 NIFTY100 — UT Bot BUY Signals (15m)
2026-07-20 15:09:27 [INFO] ======================================================================
2026-07-20 15:09:27 [INFO]   #     SYMBOL           CLOSE       ATR STOP    ATR         SIGNAL BAR  
2026-07-20 15:09:27 [INFO]   ------------------------------------------------------------------
2026-07-20 15:09:27 [INFO]   1     ASIANPAINT       2693.30     2680.30     6.50        current     
2026-07-20 15:09:27 [INFO]   2     BEL              408.10      406.70      0.70        current     
2026-07-20 15:09:27 [INFO]   3     COALINDIA        429.60      427.40      1.10        1 ago       
2026-07-20 15:09:27 [INFO]   4     SBILIFE          1820.90     1800.10     10.40       1 ago       
2026-07-20 15:09:27 [INFO]   5     BAJAJ-AUTO       10488.00    10452.00    18.00       2 ago       
2026-07-20 15:09:27 [INFO]   6     JINDALSTEL       1033.80     1022.00     5.90        2 ago       
2026-07-20 15:09:27 [INFO]   ------------------------------------------------------------------
2026-07-20 15:09:27 [INFO]   Total: 6 / 100 stocks with BUY signals
2026-07-20 15:09:27 [INFO] ======================================================================
2026-07-20 15:09:28 [INFO] ✅ Telegram alert sent successfully.
2026-07-20 15:13:43 [INFO] 
Scanner stopped. Bye!
