2026-02-01 08:55:51,627 - INFO - Configuration banner printed
2026-02-01 08:55:52,096 - INFO - OpenAlgo API client initialized (host: http://127.0.0.1:5000)
2026-02-01 08:55:52,590 - INFO - Trading Engine initialized
2026-02-01 08:55:52,590 - INFO - Trading Engine created successfully
2026-02-01 08:55:52,590 - INFO - Starting Trading Engine...
2026-02-01 08:55:55,812 - INFO - [TASK] Signal scanner started
2026-02-01 08:55:55,815 - INFO - [TASK] Risk monitor started
2026-02-01 08:55:55,815 - INFO - [TASK] Position sync started
2026-02-01 08:55:55,816 - INFO - [TASK] WebSocket monitor started
2026-02-01 08:55:55,816 - INFO - [TASK] Config monitor started
2026-02-01 08:55:55,816 - INFO - [TASK] Command monitor started (watching C:\Rahul\06_Nikku\Strategies\Bot-Only-Strike-Chart-V1.0-ltf\commands\buy.yaml)
2026-02-01 08:57:02,065 - INFO - Configuration reloaded successfully
2026-02-01 08:57:19,509 - INFO - Shutting down...
2026-02-01 08:57:19,567 - INFO - Trading Engine stopped
2026-02-01 08:57:19,567 - INFO - All engine tasks cleaned up
2026-02-01 08:57:19,569 - INFO - Goodbye!
2026-02-01 08:57:25,072 - INFO - Configuration banner printed
2026-02-01 08:57:25,488 - INFO - OpenAlgo API client initialized (host: http://127.0.0.1:5000)
2026-02-01 08:57:25,910 - INFO - Trading Engine initialized
2026-02-01 08:57:25,910 - INFO - Trading Engine created successfully
2026-02-01 08:57:25,910 - INFO - Starting Trading Engine...
2026-02-01 08:57:29,131 - INFO - [TASK] Signal scanner started
2026-02-01 08:57:29,136 - INFO - [TASK] Risk monitor started
2026-02-01 08:57:29,136 - INFO - [TASK] Position sync started
2026-02-01 08:57:29,136 - INFO - [TASK] WebSocket monitor started
2026-02-01 08:57:29,136 - INFO - [TASK] Config monitor started
2026-02-01 08:57:29,136 - INFO - [TASK] Command monitor started (watching C:\Rahul\06_Nikku\Strategies\Bot-Only-Strike-Chart-V1.0-ltf\commands\buy.yaml)
2026-02-01 09:04:20,567 - INFO - Configuration reloaded successfully
2026-02-01 09:04:26,801 - INFO - Shutting down...
2026-02-01 09:04:26,803 - INFO - Trading Engine stopped
2026-02-01 09:04:26,803 - INFO - All engine tasks cleaned up
2026-02-01 09:04:26,805 - INFO - Goodbye!
2026-02-01 09:04:36,178 - INFO - Configuration banner printed
2026-02-01 09:04:37,571 - INFO - OpenAlgo API client initialized (host: http://127.0.0.1:5000)
2026-02-01 09:04:38,255 - INFO - Trading Engine initialized
2026-02-01 09:04:38,255 - INFO - Trading Engine created successfully
2026-02-01 09:04:38,255 - INFO - Starting Trading Engine...
2026-02-01 09:04:42,232 - INFO - [TASK] Signal scanner started
2026-02-01 09:04:42,241 - INFO - [TASK] Risk monitor started
2026-02-01 09:04:42,241 - INFO - [TASK] Position sync started
2026-02-01 09:04:42,241 - INFO - [TASK] WebSocket monitor started
2026-02-01 09:04:42,241 - INFO - [TASK] Config monitor started
2026-02-01 09:04:42,245 - INFO - [TASK] Command monitor started (watching C:\Rahul\06_Nikku\Strategies\Bot-Only-Strike-Chart-V1.0-ltf\commands\buy.yaml)
2026-02-01 09:16:24,619 - INFO - [SIGNAL] UTBot BUY detected on NIFTY03FEB2625200PE @ 158.10
2026-02-01 09:16:24,625 - INFO - [ENTRY] Placing BUY order for NIFTY03FEB2625200PE @ 158.10 Qty=65 Type=LIMIT
2026-02-01 09:16:30,117 - INFO - Adopting existing position: NIFTY03FEB2625200PE Qty=65
2026-02-01 09:16:30,120 - INFO - Calculated ATR for adopted position NIFTY03FEB2625200PE: 7.10
2026-02-01 09:16:33,587 - ERROR - Order placement failed: Smart Limit timed out (Strict Mode)
2026-02-01 09:17:07,024 - INFO - [EXIT] NIFTY03FEB2625200PE: TSL Hit: Price 153.35 <= TSL 153.90 (Stage: TRAILING, Cushions: 0/2)
2026-02-01 09:17:07,639 - INFO - Trade logged to Reporting\trades.csv
2026-02-01 09:17:07,640 - INFO - [COOLDOWN] Set 3m cooldown for NIFTY03FEB2625200PE (PnL: -159.25)
2026-02-01 09:17:07,640 - INFO - [TRADE CLOSED] NIFTY03FEB2625200PE: Entry=155.80, Exit=153.35, P&L=INR -159.25 (-1.57%), Reason=TSL Hit
2026-02-01 09:22:16,712 - INFO - [SIGNAL] UTBot BUY detected on NIFTY03FEB2625200PE @ 152.50
2026-02-01 09:22:16,719 - INFO - [ENTRY] Placing BUY order for NIFTY03FEB2625200PE @ 152.50 Qty=65 Type=LIMIT
2026-02-01 09:22:27,425 - ERROR - Order placement failed: Smart Limit timed out (Strict Mode)
2026-02-01 09:22:32,439 - INFO - [SIGNAL] UTBot BUY detected on NIFTY03FEB2625200PE @ 152.50
2026-02-01 09:22:32,444 - INFO - [ENTRY] Placing BUY order for NIFTY03FEB2625200PE @ 152.50 Qty=65 Type=LIMIT
2026-02-01 09:22:41,369 - ERROR - Order placement failed: Smart Limit timed out (Strict Mode)
2026-02-01 09:22:47,617 - INFO - [SIGNAL] UTBot BUY detected on NIFTY03FEB2625200PE @ 152.50
2026-02-01 09:22:47,620 - INFO - [ENTRY] Placing BUY order for NIFTY03FEB2625200PE @ 152.50 Qty=65 Type=LIMIT
2026-02-01 09:22:56,829 - ERROR - Order placement failed: Smart Limit timed out (Strict Mode)
2026-02-01 09:23:01,860 - INFO - [SIGNAL] UTBot BUY detected on NIFTY03FEB2625200PE @ 152.50
2026-02-01 09:23:01,874 - INFO - [ENTRY] Placing BUY order for NIFTY03FEB2625200PE @ 152.50 Qty=65 Type=LIMIT
2026-02-01 09:23:11,751 - ERROR - Order placement failed: Smart Limit timed out (Strict Mode)
2026-02-01 09:28:32,221 - INFO - Configuration reloaded successfully
2026-02-01 09:29:05,220 - INFO - [SIGNAL] UTBot BUY detected on NIFTY03FEB2625200CE @ 274.30
2026-02-01 09:29:05,228 - INFO - [ENTRY] Placing BUY order for NIFTY03FEB2625200CE @ 274.30 Qty=65 Type=LIMIT
2026-02-01 09:29:14,395 - ERROR - Order placement failed: Smart Limit timed out (Strict Mode)
2026-02-01 09:29:19,401 - INFO - [SIGNAL] UTBot BUY detected on NIFTY03FEB2625200CE @ 274.30
2026-02-01 09:29:19,407 - INFO - [ENTRY] Placing BUY order for NIFTY03FEB2625200CE @ 274.30 Qty=65 Type=LIMIT
2026-02-01 09:29:29,045 - ERROR - Order placement failed: Smart Limit timed out (Strict Mode)
2026-02-01 09:29:35,301 - INFO - [SIGNAL] UTBot BUY detected on NIFTY03FEB2625200CE @ 274.30
2026-02-01 09:29:35,309 - INFO - [ENTRY] Placing BUY order for NIFTY03FEB2625200CE @ 274.30 Qty=65 Type=LIMIT
2026-02-01 09:29:44,643 - ERROR - Order placement failed: Smart Limit timed out (Strict Mode)
2026-02-01 09:29:49,663 - INFO - [SIGNAL] UTBot BUY detected on NIFTY03FEB2625200CE @ 274.30
2026-02-01 09:29:49,669 - INFO - [ENTRY] Placing BUY order for NIFTY03FEB2625200CE @ 274.30 Qty=65 Type=LIMIT
2026-02-01 09:29:59,738 - ERROR - Order placement failed: Smart Limit timed out (Strict Mode)
2026-02-01 09:30:04,755 - INFO - [SIGNAL] UTBot BUY detected on NIFTY03FEB2625200CE @ 274.30
2026-02-01 09:30:04,761 - INFO - [ENTRY] Placing BUY order for NIFTY03FEB2625200CE @ 274.30 Qty=65 Type=LIMIT
2026-02-01 09:30:13,904 - ERROR - Order placement failed: Smart Limit timed out (Strict Mode)
2026-02-01 09:46:04,317 - INFO - [SIGNAL] UTBot BUY detected on NIFTY03FEB2625200CE @ 280.45
2026-02-01 09:46:04,323 - INFO - [ENTRY] Placing BUY order for NIFTY03FEB2625200CE @ 280.45 Qty=65 Type=LIMIT
2026-02-01 09:46:13,911 - ERROR - Order placement failed: Smart Limit timed out (Strict Mode)
2026-02-01 09:46:18,928 - INFO - [SIGNAL] UTBot BUY detected on NIFTY03FEB2625200CE @ 280.45
2026-02-01 09:46:18,932 - INFO - [ENTRY] Placing BUY order for NIFTY03FEB2625200CE @ 280.45 Qty=65 Type=LIMIT
2026-02-01 09:46:28,114 - ERROR - Order placement failed: Smart Limit timed out (Strict Mode)
2026-02-01 09:46:34,491 - INFO - [SIGNAL] UTBot BUY detected on NIFTY03FEB2625200CE @ 280.45
2026-02-01 09:46:34,499 - INFO - [ENTRY] Placing BUY order for NIFTY03FEB2625200CE @ 280.45 Qty=65 Type=LIMIT
2026-02-01 09:46:45,424 - ERROR - Order placement failed: Smart Limit timed out (Strict Mode)
2026-02-01 09:46:50,426 - INFO - [SIGNAL] UTBot BUY detected on NIFTY03FEB2625200CE @ 280.45
2026-02-01 09:46:50,431 - INFO - [ENTRY] Placing BUY order for NIFTY03FEB2625200CE @ 280.45 Qty=65 Type=LIMIT
2026-02-01 09:46:59,782 - ERROR - Order placement failed: Smart Limit timed out (Strict Mode)
2026-02-01 09:51:50,515 - INFO - [SIGNAL] UTBot BUY detected on NIFTY03FEB2625200PE @ 141.00
2026-02-01 09:51:50,523 - INFO - [ENTRY] Placing BUY order for NIFTY03FEB2625200PE @ 141.00 Qty=65 Type=LIMIT
2026-02-01 09:52:00,013 - ERROR - Order placement failed: Smart Limit timed out (Strict Mode)
2026-02-01 09:52:05,037 - INFO - [SIGNAL] UTBot BUY detected on NIFTY03FEB2625200PE @ 141.00
2026-02-01 09:52:05,043 - INFO - [ENTRY] Placing BUY order for NIFTY03FEB2625200PE @ 141.00 Qty=65 Type=LIMIT
2026-02-01 09:52:14,461 - ERROR - Order placement failed: Smart Limit timed out (Strict Mode)
2026-02-01 09:52:20,699 - INFO - [SIGNAL] UTBot BUY detected on NIFTY03FEB2625200PE @ 141.00
2026-02-01 09:52:20,703 - INFO - [ENTRY] Placing BUY order for NIFTY03FEB2625200PE @ 141.00 Qty=65 Type=LIMIT
2026-02-01 09:52:31,037 - ERROR - Order placement failed: Smart Limit timed out (Strict Mode)
2026-02-01 09:52:36,054 - INFO - [SIGNAL] UTBot BUY detected on NIFTY03FEB2625200PE @ 141.00
2026-02-01 09:52:36,062 - INFO - [ENTRY] Placing BUY order for NIFTY03FEB2625200PE @ 141.00 Qty=65 Type=LIMIT
2026-02-01 09:52:45,950 - ERROR - Order placement failed: Smart Limit timed out (Strict Mode)
2026-02-01 09:53:23,516 - INFO - [SIGNAL] UTBot BUY detected on NIFTY03FEB2625200CE @ 274.50
2026-02-01 09:53:23,523 - INFO - [ENTRY] Placing BUY order for NIFTY03FEB2625200CE @ 274.50 Qty=65 Type=LIMIT
2026-02-01 09:53:33,056 - ERROR - Order placement failed: Smart Limit timed out (Strict Mode)
2026-02-01 09:53:38,080 - INFO - [SIGNAL] UTBot BUY detected on NIFTY03FEB2625200CE @ 274.50
2026-02-01 09:53:38,083 - INFO - [ENTRY] Placing BUY order for NIFTY03FEB2625200CE @ 274.50 Qty=65 Type=LIMIT
2026-02-01 09:53:47,709 - ERROR - Order placement failed: Smart Limit timed out (Strict Mode)
2026-02-01 09:53:54,696 - INFO - [SIGNAL] UTBot BUY detected on NIFTY03FEB2625200CE @ 274.50
2026-02-01 09:53:54,700 - INFO - [ENTRY] Placing BUY order for NIFTY03FEB2625200CE @ 274.50 Qty=65 Type=LIMIT
2026-02-01 09:54:05,930 - ERROR - Order placement failed: Smart Limit timed out (Strict Mode)
2026-02-01 09:54:10,944 - INFO - [SIGNAL] UTBot BUY detected on NIFTY03FEB2625200CE @ 274.50
2026-02-01 09:54:10,953 - INFO - [ENTRY] Placing BUY order for NIFTY03FEB2625200CE @ 274.50 Qty=65 Type=LIMIT
2026-02-01 09:54:20,831 - ERROR - Order placement failed: Smart Limit timed out (Strict Mode)
2026-02-01 10:21:45,498 - INFO - [SIGNAL] UTBot BUY detected on NIFTY03FEB2625200CE @ 297.10
2026-02-01 10:21:45,504 - INFO - [ENTRY] Placing BUY order for NIFTY03FEB2625200CE @ 297.10 Qty=65 Type=LIMIT
2026-02-01 10:21:56,140 - ERROR - Order placement failed: Smart Limit timed out (Strict Mode)
2026-02-01 10:22:01,153 - INFO - [SIGNAL] UTBot BUY detected on NIFTY03FEB2625200CE @ 297.10
2026-02-01 10:22:01,156 - INFO - [ENTRY] Placing BUY order for NIFTY03FEB2625200CE @ 297.10 Qty=65 Type=LIMIT
2026-02-01 10:22:10,411 - ERROR - Order placement failed: Smart Limit timed out (Strict Mode)
2026-02-01 10:22:16,617 - INFO - [SIGNAL] UTBot BUY detected on NIFTY03FEB2625200CE @ 297.10
2026-02-01 10:22:16,624 - INFO - [ENTRY] Placing BUY order for NIFTY03FEB2625200CE @ 297.10 Qty=65 Type=LIMIT
2026-02-01 10:22:26,226 - ERROR - Order placement failed: Smart Limit timed out (Strict Mode)
2026-02-01 10:22:31,240 - INFO - [SIGNAL] UTBot BUY detected on NIFTY03FEB2625200CE @ 297.10
2026-02-01 10:22:31,244 - INFO - [ENTRY] Placing BUY order for NIFTY03FEB2625200CE @ 297.10 Qty=65 Type=LIMIT
2026-02-01 10:22:40,612 - ERROR - Order placement failed: Smart Limit timed out (Strict Mode)
2026-02-01 10:31:43,600 - INFO - [SIGNAL] UTBot BUY detected on NIFTY03FEB2625200PE @ 130.70
2026-02-01 10:31:43,610 - INFO - [ENTRY] Placing BUY order for NIFTY03FEB2625200PE @ 130.70 Qty=65 Type=LIMIT
2026-02-01 10:31:53,232 - ERROR - Order placement failed: Smart Limit timed out (Strict Mode)
2026-02-01 10:31:58,256 - INFO - [SIGNAL] UTBot BUY detected on NIFTY03FEB2625200PE @ 130.70
2026-02-01 10:31:58,263 - INFO - [ENTRY] Placing BUY order for NIFTY03FEB2625200PE @ 130.70 Qty=65 Type=LIMIT
2026-02-01 10:32:07,816 - ERROR - Order placement failed: Smart Limit timed out (Strict Mode)
2026-02-01 10:32:15,058 - INFO - [SIGNAL] UTBot BUY detected on NIFTY03FEB2625200PE @ 130.70
2026-02-01 10:32:15,062 - INFO - [ENTRY] Placing BUY order for NIFTY03FEB2625200PE @ 130.70 Qty=65 Type=LIMIT
2026-02-01 10:32:24,247 - ERROR - Order placement failed: Smart Limit timed out (Strict Mode)
2026-02-01 10:32:29,262 - INFO - [SIGNAL] UTBot BUY detected on NIFTY03FEB2625200PE @ 130.70
2026-02-01 10:32:29,267 - INFO - [ENTRY] Placing BUY order for NIFTY03FEB2625200PE @ 130.70 Qty=65 Type=LIMIT
2026-02-01 10:32:38,317 - ERROR - Order placement failed: Smart Limit timed out (Strict Mode)
2026-02-01 10:32:43,338 - INFO - [SIGNAL] UTBot BUY detected on NIFTY03FEB2625200PE @ 130.70
2026-02-01 10:32:43,343 - INFO - [ENTRY] Placing BUY order for NIFTY03FEB2625200PE @ 130.70 Qty=65 Type=LIMIT
2026-02-01 10:32:52,431 - ERROR - Order placement failed: Smart Limit timed out (Strict Mode)
2026-02-01 10:34:23,246 - INFO - [SIGNAL] UTBot BUY detected on NIFTY03FEB2625200CE @ 305.50
2026-02-01 10:34:23,253 - INFO - [ENTRY] Placing BUY order for NIFTY03FEB2625200CE @ 305.50 Qty=65 Type=LIMIT
2026-02-01 10:34:34,045 - ERROR - Order placement failed: Smart Limit timed out (Strict Mode)
2026-02-01 10:34:39,071 - INFO - [SIGNAL] UTBot BUY detected on NIFTY03FEB2625200CE @ 305.50
2026-02-01 10:34:39,077 - INFO - [ENTRY] Placing BUY order for NIFTY03FEB2625200CE @ 305.50 Qty=65 Type=LIMIT
2026-02-01 10:34:48,173 - ERROR - Order placement failed: Smart Limit timed out (Strict Mode)
2026-02-01 10:34:53,181 - INFO - [SIGNAL] UTBot BUY detected on NIFTY03FEB2625200CE @ 305.50
2026-02-01 10:34:53,189 - INFO - [ENTRY] Placing BUY order for NIFTY03FEB2625200CE @ 305.50 Qty=65 Type=LIMIT
2026-02-01 10:35:02,842 - ERROR - Order placement failed: Smart Limit timed out (Strict Mode)
2026-02-01 10:35:09,356 - INFO - [SIGNAL] UTBot BUY detected on NIFTY03FEB2625200CE @ 305.50
2026-02-01 10:35:09,362 - INFO - [ENTRY] Placing BUY order for NIFTY03FEB2625200CE @ 305.50 Qty=65 Type=LIMIT
2026-02-01 10:35:20,214 - ERROR - Order placement failed: Smart Limit timed out (Strict Mode)
2026-02-01 10:42:31,765 - INFO - [SIGNAL] UTBot BUY detected on NIFTY03FEB2625200PE @ 127.90
2026-02-01 10:42:31,775 - INFO - [ENTRY] Placing BUY order for NIFTY03FEB2625200PE @ 127.90 Qty=65 Type=LIMIT
2026-02-01 10:42:41,496 - ERROR - Order placement failed: Smart Limit timed out (Strict Mode)
2026-02-01 10:42:48,830 - INFO - [SIGNAL] UTBot BUY detected on NIFTY03FEB2625200PE @ 127.90
2026-02-01 10:42:48,841 - INFO - [ENTRY] Placing BUY order for NIFTY03FEB2625200PE @ 127.90 Qty=65 Type=LIMIT
2026-02-01 10:42:58,496 - ERROR - Order placement failed: Smart Limit timed out (Strict Mode)
2026-02-01 10:43:03,536 - INFO - [SIGNAL] UTBot BUY detected on NIFTY03FEB2625200PE @ 127.90
2026-02-01 10:43:03,544 - INFO - [ENTRY] Placing BUY order for NIFTY03FEB2625200PE @ 127.90 Qty=65 Type=LIMIT
2026-02-01 10:43:13,313 - ERROR - Order placement failed: Smart Limit timed out (Strict Mode)
2026-02-01 10:43:18,317 - INFO - [SIGNAL] UTBot BUY detected on NIFTY03FEB2625200PE @ 127.90
2026-02-01 10:43:18,325 - INFO - [ENTRY] Placing BUY order for NIFTY03FEB2625200PE @ 127.90 Qty=65 Type=LIMIT
2026-02-01 10:43:29,023 - ERROR - Order placement failed: Smart Limit timed out (Strict Mode)
2026-02-01 10:54:25,343 - INFO - [SIGNAL] UTBot BUY detected on NIFTY03FEB2625200CE @ 307.95
2026-02-01 10:54:25,350 - INFO - [ENTRY] Placing BUY order for NIFTY03FEB2625200CE @ 307.95 Qty=65 Type=LIMIT
2026-02-01 10:54:36,282 - ERROR - Order placement failed: Smart Limit timed out (Strict Mode)
2026-02-01 10:54:41,303 - INFO - [SIGNAL] UTBot BUY detected on NIFTY03FEB2625200CE @ 307.95
2026-02-01 10:54:41,307 - INFO - [ENTRY] Placing BUY order for NIFTY03FEB2625200CE @ 307.95 Qty=65 Type=LIMIT
2026-02-01 10:54:50,457 - ERROR - Order placement failed: Smart Limit timed out (Strict Mode)
2026-02-01 10:54:55,466 - INFO - [SIGNAL] UTBot BUY detected on NIFTY03FEB2625200CE @ 307.95
2026-02-01 10:54:55,472 - INFO - [ENTRY] Placing BUY order for NIFTY03FEB2625200CE @ 307.95 Qty=65 Type=LIMIT
2026-02-01 10:55:04,881 - ERROR - Order placement failed: Smart Limit timed out (Strict Mode)
2026-02-01 10:55:11,647 - INFO - [SIGNAL] UTBot BUY detected on NIFTY03FEB2625200CE @ 307.95
2026-02-01 10:55:11,653 - INFO - [ENTRY] Placing BUY order for NIFTY03FEB2625200CE @ 307.95 Qty=65 Type=LIMIT
2026-02-01 10:55:22,786 - ERROR - Order placement failed: Smart Limit timed out (Strict Mode)
2026-02-01 11:02:36,603 - INFO - [SIGNAL] UTBot BUY detected on NIFTY03FEB2625200PE @ 131.65
2026-02-01 11:02:36,609 - INFO - [ENTRY] Placing BUY order for NIFTY03FEB2625200PE @ 131.65 Qty=65 Type=LIMIT
2026-02-01 11:02:45,675 - ERROR - Order placement failed: Smart Limit timed out (Strict Mode)
2026-02-01 11:02:52,067 - INFO - [SIGNAL] UTBot BUY detected on NIFTY03FEB2625200PE @ 131.65
2026-02-01 11:02:52,078 - INFO - [ENTRY] Placing BUY order for NIFTY03FEB2625200PE @ 131.65 Qty=65 Type=LIMIT
2026-02-01 11:03:01,398 - ERROR - Order placement failed: Smart Limit timed out (Strict Mode)
2026-02-01 11:03:06,425 - INFO - [SIGNAL] UTBot BUY detected on NIFTY03FEB2625200PE @ 131.65
2026-02-01 11:03:06,430 - INFO - [ENTRY] Placing BUY order for NIFTY03FEB2625200PE @ 131.65 Qty=65 Type=LIMIT
2026-02-01 11:03:17,257 - ERROR - Order placement failed: Smart Limit timed out (Strict Mode)
2026-02-01 11:03:22,276 - INFO - [SIGNAL] UTBot BUY detected on NIFTY03FEB2625200PE @ 131.65
2026-02-01 11:03:22,280 - INFO - [ENTRY] Placing BUY order for NIFTY03FEB2625200PE @ 131.65 Qty=65 Type=LIMIT
2026-02-01 11:03:31,578 - ERROR - Order placement failed: Smart Limit timed out (Strict Mode)
2026-02-01 11:03:36,593 - INFO - [SIGNAL] UTBot BUY detected on NIFTY03FEB2625200PE @ 131.65
2026-02-01 11:03:36,600 - INFO - [ENTRY] Placing BUY order for NIFTY03FEB2625200PE @ 131.65 Qty=65 Type=LIMIT
2026-02-01 11:03:45,952 - ERROR - Order placement failed: Smart Limit timed out (Strict Mode)
2026-02-01 11:06:07,068 - INFO - [SIGNAL] UTBot BUY detected on NIFTY03FEB2625200CE @ 303.95
2026-02-01 11:06:07,075 - INFO - [ENTRY] Placing BUY order for NIFTY03FEB2625200CE @ 303.95 Qty=65 Type=LIMIT
2026-02-01 11:06:16,623 - ERROR - Order placement failed: Smart Limit timed out (Strict Mode)
2026-02-01 11:06:21,638 - INFO - [SIGNAL] UTBot BUY detected on NIFTY03FEB2625200CE @ 303.95
2026-02-01 11:06:21,645 - INFO - [ENTRY] Placing BUY order for NIFTY03FEB2625200CE @ 303.95 Qty=65 Type=LIMIT
2026-02-01 11:06:31,982 - ERROR - Order placement failed: Smart Limit timed out (Strict Mode)
2026-02-01 11:06:37,022 - INFO - [SIGNAL] UTBot BUY detected on NIFTY03FEB2625200CE @ 303.95
2026-02-01 11:06:37,028 - INFO - [ENTRY] Placing BUY order for NIFTY03FEB2625200CE @ 303.95 Qty=65 Type=LIMIT
2026-02-01 11:06:47,564 - ERROR - Order placement failed: Smart Limit timed out (Strict Mode)
2026-02-01 11:06:52,567 - INFO - [SIGNAL] UTBot BUY detected on NIFTY03FEB2625200CE @ 303.95
2026-02-01 11:06:52,572 - INFO - [ENTRY] Placing BUY order for NIFTY03FEB2625200CE @ 303.95 Qty=65 Type=LIMIT
2026-02-01 11:07:02,530 - ERROR - Order placement failed: Smart Limit timed out (Strict Mode)
2026-02-01 11:14:24,020 - INFO - [SIGNAL] UTBot BUY detected on NIFTY03FEB2625200PE @ 113.35
2026-02-01 11:14:24,029 - INFO - [ENTRY] Placing BUY order for NIFTY03FEB2625200PE @ 113.35 Qty=65 Type=LIMIT
2026-02-01 11:14:33,120 - ERROR - Order placement failed: Smart Limit timed out (Strict Mode)
2026-02-01 11:14:38,133 - INFO - [SIGNAL] UTBot BUY detected on NIFTY03FEB2625200PE @ 113.35
2026-02-01 11:14:38,141 - INFO - [ENTRY] Placing BUY order for NIFTY03FEB2625200PE @ 113.35 Qty=65 Type=LIMIT
2026-02-01 11:14:47,590 - ERROR - Order placement failed: Smart Limit timed out (Strict Mode)
2026-02-01 11:14:52,613 - INFO - [SIGNAL] UTBot BUY detected on NIFTY03FEB2625200PE @ 113.35
2026-02-01 11:14:52,618 - INFO - [ENTRY] Placing BUY order for NIFTY03FEB2625200PE @ 113.35 Qty=65 Type=LIMIT
2026-02-01 11:15:01,923 - ERROR - Order placement failed: Smart Limit timed out (Strict Mode)
2026-02-01 11:15:06,942 - INFO - [SIGNAL] UTBot BUY detected on NIFTY03FEB2625200PE @ 113.35
2026-02-01 11:15:06,949 - INFO - [ENTRY] Placing BUY order for NIFTY03FEB2625200PE @ 113.35 Qty=65 Type=LIMIT
2026-02-01 11:15:16,111 - ERROR - Order placement failed: Smart Limit timed out (Strict Mode)
2026-02-01 11:15:21,142 - INFO - [SIGNAL] UTBot BUY detected on NIFTY03FEB2625200PE @ 113.35
2026-02-01 11:15:21,146 - INFO - [ENTRY] Placing BUY order for NIFTY03FEB2625200PE @ 113.35 Qty=65 Type=LIMIT
2026-02-01 11:15:30,457 - ERROR - Order placement failed: Smart Limit timed out (Strict Mode)
2026-02-01 11:27:45,544 - INFO - [SIGNAL] UTBot BUY detected on NIFTY03FEB2625200CE @ 315.75
2026-02-01 11:27:45,554 - INFO - [ENTRY] Placing BUY order for NIFTY03FEB2625200CE @ 315.75 Qty=65 Type=LIMIT
2026-02-01 11:27:55,447 - ERROR - Order placement failed: Smart Limit timed out (Strict Mode)
2026-02-01 11:28:00,492 - INFO - [SIGNAL] UTBot BUY detected on NIFTY03FEB2625200CE @ 315.75
2026-02-01 11:28:00,497 - INFO - [ENTRY] Placing BUY order for NIFTY03FEB2625200CE @ 315.75 Qty=65 Type=LIMIT
2026-02-01 11:28:10,336 - ERROR - Order placement failed: Smart Limit timed out (Strict Mode)
2026-02-01 11:28:15,365 - INFO - [SIGNAL] UTBot BUY detected on NIFTY03FEB2625200CE @ 315.75
2026-02-01 11:28:15,370 - INFO - [ENTRY] Placing BUY order for NIFTY03FEB2625200CE @ 315.75 Qty=65 Type=LIMIT
2026-02-01 11:28:24,526 - ERROR - Order placement failed: Smart Limit timed out (Strict Mode)
2026-02-01 11:28:29,559 - INFO - [SIGNAL] UTBot BUY detected on NIFTY03FEB2625200CE @ 315.75
2026-02-01 11:28:29,568 - INFO - [ENTRY] Placing BUY order for NIFTY03FEB2625200CE @ 315.75 Qty=65 Type=LIMIT
2026-02-01 11:28:39,635 - ERROR - Order placement failed: Smart Limit timed out (Strict Mode)
2026-02-01 11:28:44,656 - INFO - [SIGNAL] UTBot BUY detected on NIFTY03FEB2625200CE @ 315.75
2026-02-01 11:28:44,661 - INFO - [ENTRY] Placing BUY order for NIFTY03FEB2625200CE @ 315.75 Qty=65 Type=LIMIT
2026-02-01 11:28:55,046 - ERROR - Order placement failed: Smart Limit timed out (Strict Mode)
2026-02-01 12:07:19,178 - INFO - [SIGNAL] UTBot BUY detected on NIFTY03FEB2625200CE @ 258.80
2026-02-01 12:07:19,188 - INFO - [ENTRY] Placing BUY order for NIFTY03FEB2625200CE @ 258.80 Qty=65 Type=LIMIT
2026-02-01 12:07:29,966 - ERROR - Order placement failed: Smart Limit timed out (Strict Mode)
2026-02-01 12:07:34,981 - INFO - [SIGNAL] UTBot BUY detected on NIFTY03FEB2625200CE @ 258.80
2026-02-01 12:07:34,995 - INFO - [ENTRY] Placing BUY order for NIFTY03FEB2625200CE @ 258.80 Qty=65 Type=LIMIT
2026-02-01 12:07:38,060 - INFO - Shutting down...
2026-02-01 12:07:38,060 - INFO - Trading Engine stopped
2026-02-01 12:07:38,060 - INFO - All engine tasks cleaned up
2026-02-01 12:07:38,060 - INFO - Goodbye!
