2026-01-30 12:18:17,271 - INFO - Configuration banner printed
2026-01-30 12:18:17,671 - INFO - OpenAlgo API client initialized (host: http://127.0.0.1:5000)
2026-01-30 12:18:18,040 - INFO - Trading Engine initialized
2026-01-30 12:18:18,040 - INFO - Trading Engine created successfully
2026-01-30 12:18:18,040 - INFO - Starting Trading Engine...
2026-01-30 12:18:21,198 - INFO - [TASK] Signal scanner started
2026-01-30 12:18:21,200 - INFO - [TASK] Risk monitor started
2026-01-30 12:18:21,200 - INFO - [TASK] Position sync started
2026-01-30 12:18:21,200 - INFO - [TASK] WebSocket monitor started
2026-01-30 12:18:21,200 - INFO - [TASK] Config monitor started
2026-01-30 12:18:21,202 - INFO - [TASK] Command monitor started (watching C:\Rahul\06_Nikku\Strategies\Bot-Only-Strike-Chart\commands\buy.yaml)
2026-01-30 12:22:57,868 - INFO - Shutting down...
2026-01-30 12:22:57,869 - INFO - Trading Engine stopped
2026-01-30 12:22:57,869 - INFO - All engine tasks cleaned up
2026-01-30 12:22:57,869 - INFO - Goodbye!
2026-01-30 12:23:01,531 - INFO - Configuration banner printed
2026-01-30 12:23:01,922 - INFO - OpenAlgo API client initialized (host: http://127.0.0.1:5000)
2026-01-30 12:23:02,297 - INFO - Trading Engine initialized
2026-01-30 12:23:02,297 - INFO - Trading Engine created successfully
2026-01-30 12:23:02,297 - INFO - Starting Trading Engine...
2026-01-30 12:23:05,479 - INFO - [TASK] Signal scanner started
2026-01-30 12:23:05,479 - INFO - [TASK] Risk monitor started
2026-01-30 12:23:05,479 - INFO - [TASK] Position sync started
2026-01-30 12:23:05,479 - INFO - [TASK] WebSocket monitor started
2026-01-30 12:23:05,479 - INFO - [TASK] Config monitor started
2026-01-30 12:23:05,479 - INFO - [TASK] Command monitor started (watching C:\Rahul\06_Nikku\Strategies\Bot-Only-Strike-Chart\commands\buy.yaml)
2026-01-30 12:28:31,333 - INFO - Shutting down...
2026-01-30 12:28:31,333 - INFO - Trading Engine stopped
2026-01-30 12:28:31,337 - INFO - All engine tasks cleaned up
2026-01-30 12:28:31,337 - INFO - Goodbye!
2026-01-30 12:28:39,242 - INFO - Configuration banner printed
2026-01-30 12:28:40,218 - INFO - OpenAlgo API client initialized (host: http://127.0.0.1:5000)
2026-01-30 12:28:40,593 - INFO - Trading Engine initialized
2026-01-30 12:28:40,593 - INFO - Trading Engine created successfully
2026-01-30 12:28:40,593 - INFO - Starting Trading Engine...
2026-01-30 12:28:43,848 - INFO - [TASK] Signal scanner started
2026-01-30 12:28:43,848 - INFO - [TASK] Risk monitor started
2026-01-30 12:28:43,848 - INFO - [TASK] Position sync started
2026-01-30 12:28:43,848 - INFO - [TASK] WebSocket monitor started
2026-01-30 12:28:43,848 - INFO - [TASK] Config monitor started
2026-01-30 12:28:43,848 - INFO - [TASK] Command monitor started (watching C:\Rahul\06_Nikku\Strategies\Bot-Only-Strike-Chart\commands\buy.yaml)
2026-01-30 12:28:50,769 - INFO - [SIGNAL] UTBot BUY detected on NIFTY03FEB2625300CE @ 210.85
2026-01-30 12:28:55,812 - INFO - [SIGNAL] UTBot BUY detected on NIFTY03FEB2625300CE @ 210.85
2026-01-30 12:29:00,847 - INFO - [SIGNAL] UTBot BUY detected on NIFTY03FEB2625300CE @ 210.85
2026-01-30 12:29:05,874 - INFO - [SIGNAL] UTBot BUY detected on NIFTY03FEB2625300CE @ 210.85
2026-01-30 12:29:10,894 - INFO - [SIGNAL] UTBot BUY detected on NIFTY03FEB2625300CE @ 210.85
2026-01-30 12:29:15,914 - INFO - [SIGNAL] UTBot BUY detected on NIFTY03FEB2625300CE @ 210.85
2026-01-30 12:29:20,929 - INFO - [SIGNAL] UTBot BUY detected on NIFTY03FEB2625300CE @ 210.85
2026-01-30 12:29:25,962 - INFO - [SIGNAL] UTBot BUY detected on NIFTY03FEB2625300CE @ 210.85
2026-01-30 12:29:30,989 - INFO - [SIGNAL] UTBot BUY detected on NIFTY03FEB2625300CE @ 210.85
2026-01-30 12:29:36,035 - INFO - [SIGNAL] UTBot BUY detected on NIFTY03FEB2625300CE @ 210.85
2026-01-30 12:29:41,058 - INFO - [SIGNAL] UTBot BUY detected on NIFTY03FEB2625300CE @ 210.85
2026-01-30 12:29:46,075 - INFO - [SIGNAL] UTBot BUY detected on NIFTY03FEB2625300CE @ 210.85
2026-01-30 12:37:23,426 - INFO - [SIGNAL] UTBot BUY detected on NIFTY03FEB2625300CE @ 208.20
2026-01-30 12:37:28,435 - INFO - [SIGNAL] UTBot BUY detected on NIFTY03FEB2625300CE @ 208.20
2026-01-30 12:37:33,450 - INFO - [SIGNAL] UTBot BUY detected on NIFTY03FEB2625300CE @ 208.20
2026-01-30 12:37:38,459 - INFO - [SIGNAL] UTBot BUY detected on NIFTY03FEB2625300CE @ 208.20
2026-01-30 12:37:43,473 - INFO - [SIGNAL] UTBot BUY detected on NIFTY03FEB2625300CE @ 208.20
2026-01-30 12:37:48,493 - INFO - [SIGNAL] UTBot BUY detected on NIFTY03FEB2625300CE @ 208.20
2026-01-30 12:37:53,504 - INFO - [SIGNAL] UTBot BUY detected on NIFTY03FEB2625300CE @ 208.20
2026-01-30 12:37:58,527 - INFO - [SIGNAL] UTBot BUY detected on NIFTY03FEB2625300CE @ 208.20
2026-01-30 12:38:03,545 - INFO - [SIGNAL] UTBot BUY detected on NIFTY03FEB2625300CE @ 208.20
2026-01-30 12:38:09,496 - INFO - [SIGNAL] UTBot BUY detected on NIFTY03FEB2625300CE @ 208.20
2026-01-30 12:38:14,498 - INFO - [SIGNAL] UTBot BUY detected on NIFTY03FEB2625300CE @ 208.20
2026-01-30 12:38:19,524 - INFO - [SIGNAL] UTBot BUY detected on NIFTY03FEB2625300CE @ 208.20
2026-01-30 12:45:25,773 - INFO - [SIGNAL] UTBot BUY detected on NIFTY03FEB2625300PE @ 199.50
2026-01-30 12:45:30,787 - INFO - [SIGNAL] UTBot BUY detected on NIFTY03FEB2625300PE @ 199.50
2026-01-30 12:45:35,812 - INFO - [SIGNAL] UTBot BUY detected on NIFTY03FEB2625300PE @ 199.50
2026-01-30 12:45:42,189 - INFO - [SIGNAL] UTBot BUY detected on NIFTY03FEB2625300PE @ 199.50
2026-01-30 12:45:47,208 - INFO - [SIGNAL] UTBot BUY detected on NIFTY03FEB2625300PE @ 199.50
2026-01-30 12:45:52,230 - INFO - [SIGNAL] UTBot BUY detected on NIFTY03FEB2625300PE @ 199.50
2026-01-30 12:45:57,249 - INFO - [SIGNAL] UTBot BUY detected on NIFTY03FEB2625300PE @ 199.50
2026-01-30 12:46:02,289 - INFO - [SIGNAL] UTBot BUY detected on NIFTY03FEB2625300PE @ 199.50
2026-01-30 12:46:07,320 - INFO - [SIGNAL] UTBot BUY detected on NIFTY03FEB2625300PE @ 199.50
2026-01-30 12:46:12,330 - INFO - [SIGNAL] UTBot BUY detected on NIFTY03FEB2625300PE @ 199.50
2026-01-30 12:46:17,341 - INFO - [SIGNAL] UTBot BUY detected on NIFTY03FEB2625300PE @ 199.50
2026-01-30 12:46:22,356 - INFO - [SIGNAL] UTBot BUY detected on NIFTY03FEB2625300PE @ 199.50
2026-01-30 12:48:48,973 - INFO - [SIGNAL] UTBot BUY detected on NIFTY03FEB2625300CE @ 205.00
2026-01-30 12:48:54,013 - INFO - [SIGNAL] UTBot BUY detected on NIFTY03FEB2625300CE @ 205.00
2026-01-30 12:48:59,043 - INFO - [SIGNAL] UTBot BUY detected on NIFTY03FEB2625300CE @ 205.00
2026-01-30 12:49:04,071 - INFO - [SIGNAL] UTBot BUY detected on NIFTY03FEB2625300CE @ 205.00
2026-01-30 12:49:09,099 - INFO - [SIGNAL] UTBot BUY detected on NIFTY03FEB2625300CE @ 205.00
2026-01-30 12:49:14,145 - INFO - [SIGNAL] UTBot BUY detected on NIFTY03FEB2625300CE @ 205.00
2026-01-30 12:49:19,165 - INFO - [SIGNAL] UTBot BUY detected on NIFTY03FEB2625300CE @ 205.00
2026-01-30 12:49:24,185 - INFO - [SIGNAL] UTBot BUY detected on NIFTY03FEB2625300CE @ 205.00
2026-01-30 12:49:29,207 - INFO - [SIGNAL] UTBot BUY detected on NIFTY03FEB2625300CE @ 205.00
2026-01-30 12:49:35,250 - INFO - [SIGNAL] UTBot BUY detected on NIFTY03FEB2625300CE @ 205.00
2026-01-30 12:49:40,271 - INFO - [SIGNAL] UTBot BUY detected on NIFTY03FEB2625300CE @ 205.00
2026-01-30 12:49:45,301 - INFO - [SIGNAL] UTBot BUY detected on NIFTY03FEB2625300CE @ 205.00
2026-01-30 13:01:03,640 - INFO - [SIGNAL] UTBot BUY detected on NIFTY03FEB2625300PE @ 201.55
2026-01-30 13:01:08,644 - INFO - [SIGNAL] UTBot BUY detected on NIFTY03FEB2625300PE @ 201.55
2026-01-30 13:01:13,678 - INFO - [SIGNAL] UTBot BUY detected on NIFTY03FEB2625300PE @ 201.55
2026-01-30 13:01:19,870 - INFO - [SIGNAL] UTBot BUY detected on NIFTY03FEB2625300PE @ 201.55
2026-01-30 13:01:24,910 - INFO - [SIGNAL] UTBot BUY detected on NIFTY03FEB2625300PE @ 201.55
2026-01-30 13:01:29,942 - INFO - [SIGNAL] UTBot BUY detected on NIFTY03FEB2625300PE @ 201.55
2026-01-30 13:01:34,980 - INFO - [SIGNAL] UTBot BUY detected on NIFTY03FEB2625300PE @ 201.55
2026-01-30 13:01:39,994 - INFO - [SIGNAL] UTBot BUY detected on NIFTY03FEB2625300PE @ 201.55
2026-01-30 13:01:45,024 - INFO - [SIGNAL] UTBot BUY detected on NIFTY03FEB2625300PE @ 201.55
2026-01-30 13:01:50,049 - INFO - [SIGNAL] UTBot BUY detected on NIFTY03FEB2625300PE @ 201.55
2026-01-30 13:01:55,083 - INFO - [SIGNAL] UTBot BUY detected on NIFTY03FEB2625300PE @ 201.55
2026-01-30 13:02:00,092 - INFO - [SIGNAL] UTBot BUY detected on NIFTY03FEB2625300PE @ 201.55
2026-01-30 13:02:57,279 - INFO - Configuration reloaded successfully
2026-01-30 13:03:43,473 - INFO - Configuration reloaded successfully
2026-01-30 13:04:05,612 - INFO - Configuration reloaded successfully
2026-01-30 13:04:06,301 - INFO - [ENTRY] Placing BUY order for NIFTY03FEB2625300PE @ 205.45 Qty=65 Type=LIMIT
2026-01-30 13:04:08,997 - INFO - Shutting down...
2026-01-30 13:04:08,999 - INFO - Trading Engine stopped
2026-01-30 13:04:09,000 - INFO - All engine tasks cleaned up
2026-01-30 13:04:09,000 - INFO - Goodbye!
2026-01-30 13:04:26,079 - INFO - Configuration banner printed
2026-01-30 13:04:28,099 - INFO - OpenAlgo API client initialized (host: http://127.0.0.1:5000)
2026-01-30 13:04:28,901 - INFO - Trading Engine initialized
2026-01-30 13:04:28,902 - INFO - Trading Engine created successfully
2026-01-30 13:04:28,902 - INFO - Starting Trading Engine...
2026-01-30 13:04:32,948 - INFO - Adopting existing position: NIFTY03FEB2625300PE Qty=65
2026-01-30 13:04:48,031 - INFO - Calculated ATR for adopted position NIFTY03FEB2625300PE: 4.82
2026-01-30 13:04:48,043 - INFO - [TASK] Signal scanner started
2026-01-30 13:04:48,045 - INFO - [TASK] Risk monitor started
2026-01-30 13:04:48,057 - INFO - [TASK] Position sync started
2026-01-30 13:04:48,058 - INFO - [TASK] WebSocket monitor started
2026-01-30 13:04:48,062 - INFO - [TASK] Config monitor started
2026-01-30 13:04:48,063 - INFO - [TASK] Command monitor started (watching C:\Rahul\06_Nikku\Strategies\Bot-Only-Strike-Chart\commands\buy.yaml)
2026-01-30 13:04:55,465 - INFO - [CHECKS] NIFTY03FEB2625300PE | RSI: 63.9 | ADX: 13.4 | ATR: 4.82 | VWAP: 199.2
2026-01-30 13:05:05,542 - INFO - [CHECKS] NIFTY03FEB2625300PE | RSI: 63.9 | ADX: 13.4 | ATR: 4.82 | VWAP: 199.2
2026-01-30 13:05:15,628 - INFO - [CHECKS] NIFTY03FEB2625300PE | RSI: 63.9 | ADX: 13.4 | ATR: 4.82 | VWAP: 199.2
2026-01-30 13:05:25,712 - INFO - [CHECKS] NIFTY03FEB2625300PE | RSI: 63.9 | ADX: 13.4 | ATR: 4.82 | VWAP: 199.2
2026-01-30 13:05:35,771 - INFO - [CHECKS] NIFTY03FEB2625300PE | RSI: 63.9 | ADX: 13.4 | ATR: 4.82 | VWAP: 199.2
2026-01-30 13:05:45,845 - INFO - [CHECKS] NIFTY03FEB2625300PE | RSI: 63.9 | ADX: 13.4 | ATR: 4.82 | VWAP: 199.2
2026-01-30 13:05:58,345 - INFO - [CHECKS] NIFTY03FEB2625300PE | RSI: 64.0 | ADX: 13.6 | ATR: 4.57 | VWAP: 199.5
2026-01-30 13:06:08,404 - INFO - [CHECKS] NIFTY03FEB2625300PE | RSI: 64.0 | ADX: 13.6 | ATR: 4.57 | VWAP: 199.5
2026-01-30 13:06:18,468 - INFO - [CHECKS] NIFTY03FEB2625300PE | RSI: 64.0 | ADX: 13.6 | ATR: 4.57 | VWAP: 199.5
2026-01-30 13:06:28,557 - INFO - [CHECKS] NIFTY03FEB2625300PE | RSI: 64.0 | ADX: 13.6 | ATR: 4.57 | VWAP: 199.5
2026-01-30 13:06:38,643 - INFO - [CHECKS] NIFTY03FEB2625300PE | RSI: 64.0 | ADX: 13.6 | ATR: 4.57 | VWAP: 199.5
2026-01-30 13:06:48,733 - INFO - [CHECKS] NIFTY03FEB2625300PE | RSI: 64.0 | ADX: 13.6 | ATR: 4.57 | VWAP: 199.5
2026-01-30 13:07:01,232 - INFO - [CHECKS] NIFTY03FEB2625300PE | RSI: 69.3 | ADX: 15.5 | ATR: 4.93 | VWAP: 200.0
2026-01-30 13:07:11,298 - INFO - [CHECKS] NIFTY03FEB2625300PE | RSI: 69.3 | ADX: 15.5 | ATR: 4.93 | VWAP: 200.0
2026-01-30 13:07:21,395 - INFO - [CHECKS] NIFTY03FEB2625300PE | RSI: 69.3 | ADX: 15.5 | ATR: 4.93 | VWAP: 200.0
2026-01-30 13:07:31,505 - INFO - [CHECKS] NIFTY03FEB2625300PE | RSI: 69.3 | ADX: 15.5 | ATR: 4.93 | VWAP: 200.0
2026-01-30 13:07:41,575 - INFO - [CHECKS] NIFTY03FEB2625300PE | RSI: 69.3 | ADX: 15.5 | ATR: 4.93 | VWAP: 200.0
2026-01-30 13:07:51,639 - INFO - [CHECKS] NIFTY03FEB2625300PE | RSI: 69.3 | ADX: 15.5 | ATR: 4.93 | VWAP: 200.0
2026-01-30 13:08:04,428 - INFO - [CHECKS] NIFTY03FEB2625300PE | RSI: 74.3 | ADX: 19.6 | ATR: 5.07 | VWAP: 200.6
2026-01-30 13:08:14,475 - INFO - [CHECKS] NIFTY03FEB2625300PE | RSI: 74.3 | ADX: 19.6 | ATR: 5.07 | VWAP: 200.6
2026-01-30 13:08:24,587 - INFO - [CHECKS] NIFTY03FEB2625300PE | RSI: 74.3 | ADX: 19.6 | ATR: 5.07 | VWAP: 200.6
2026-01-30 13:08:34,681 - INFO - [CHECKS] NIFTY03FEB2625300PE | RSI: 74.3 | ADX: 19.6 | ATR: 5.07 | VWAP: 200.6
2026-01-30 13:08:42,820 - INFO - [EXIT] NIFTY03FEB2625300PE: TSL Hit: Price 219.15 <= TSL 219.18 (Stage: G1, Cushions: 0/2)
2026-01-30 13:08:44,011 - INFO - Trade logged to Reporting\trades.csv
2026-01-30 13:08:44,011 - INFO - [TRADE CLOSED] NIFTY03FEB2625300PE: Entry=206.15, Exit=219.15, P&L=INR 845.00 (6.31%), Reason=TSL Hit
2026-01-30 13:10:09,733 - INFO - Configuration reloaded successfully
2026-01-30 13:10:13,656 - INFO - WebSocket resubscribed to updated symbols
2026-01-30 13:13:26,028 - INFO - [SIGNAL] UTBot BUY detected on NIFTY03FEB2625200PE @ 179.10
2026-01-30 13:13:26,051 - INFO - [ENTRY] Placing BUY order for NIFTY03FEB2625200PE @ 179.10 Qty=65 Type=LIMIT
2026-01-30 13:13:33,447 - INFO - Adopting existing position: NIFTY03FEB2625200PE Qty=65
2026-01-30 13:13:33,464 - INFO - Calculated ATR for adopted position NIFTY03FEB2625200PE: 4.70
2026-01-30 13:13:37,276 - ERROR - Order placement failed: Smart Limit timed out (Strict Mode)
2026-01-30 13:13:42,310 - INFO - [CHECKS] NIFTY03FEB2625200PE | RSI: 69.0 | ADX: 32.8 | ATR: 4.70 | VWAP: 160.7
2026-01-30 13:13:52,373 - INFO - [CHECKS] NIFTY03FEB2625200PE | RSI: 69.0 | ADX: 32.8 | ATR: 4.70 | VWAP: 160.7
2026-01-30 13:14:02,426 - INFO - [CHECKS] NIFTY03FEB2625200PE | RSI: 69.0 | ADX: 32.8 | ATR: 4.70 | VWAP: 160.7
2026-01-30 13:14:12,531 - INFO - [CHECKS] NIFTY03FEB2625200PE | RSI: 69.0 | ADX: 32.8 | ATR: 4.70 | VWAP: 160.7
2026-01-30 13:14:22,597 - INFO - [CHECKS] NIFTY03FEB2625200PE | RSI: 69.0 | ADX: 32.8 | ATR: 4.70 | VWAP: 160.7
2026-01-30 13:14:30,137 - INFO - [SIGNAL] UTBot BUY detected on NIFTY03FEB2625200CE @ 235.30
2026-01-30 13:14:30,148 - INFO - [ENTRY] Placing BUY order for NIFTY03FEB2625200CE @ 235.30 Qty=65 Type=LIMIT
2026-01-30 13:14:39,263 - INFO - Adopting existing position: NIFTY03FEB2625200CE Qty=65
2026-01-30 13:14:39,293 - INFO - Calculated ATR for adopted position NIFTY03FEB2625200CE: 5.50
2026-01-30 13:14:41,185 - ERROR - Order placement failed: Smart Limit timed out (Strict Mode)
2026-01-30 13:15:02,706 - INFO - [EXIT] NIFTY03FEB2625200CE: TSL Hit: Price 225.40 <= TSL 231.85 (Stage: TRAILING, Cushions: 0/2)
2026-01-30 13:15:04,020 - INFO - Trade logged to Reporting\trades.csv
2026-01-30 13:15:04,020 - INFO - [COOLDOWN] Set 3m cooldown for NIFTY03FEB2625200CE (PnL: -663.00)
2026-01-30 13:15:04,022 - INFO - [TRADE CLOSED] NIFTY03FEB2625200CE: Entry=235.60, Exit=225.40, P&L=INR -663.00 (-4.33%), Reason=TSL Hit
2026-01-30 13:15:06,266 - INFO - [CHECKS] NIFTY03FEB2625200PE | RSI: 64.0 | ADX: 33.8 | ATR: 5.08 | VWAP: 161.4
2026-01-30 13:15:15,168 - INFO - [EXIT] NIFTY03FEB2625200PE: TSL Hit: Price 185.95 <= TSL 186.35 (Stage: G1, Cushions: 0/2)
2026-01-30 13:15:16,405 - INFO - Trade logged to Reporting\trades.csv
2026-01-30 13:15:16,405 - INFO - [TRADE CLOSED] NIFTY03FEB2625200PE: Entry=174.30, Exit=185.95, P&L=INR 757.25 (6.68%), Reason=TSL Hit
2026-01-30 13:15:33,252 - INFO - [SIGNAL] UTBot BUY detected on NIFTY03FEB2625200PE @ 188.60
2026-01-30 13:15:33,269 - INFO - [ENTRY] Placing BUY order for NIFTY03FEB2625200PE @ 188.60 Qty=65 Type=LIMIT
2026-01-30 13:15:44,581 - ERROR - Order placement failed: Smart Limit timed out (Strict Mode)
2026-01-30 13:15:44,927 - INFO - Adopting existing position: NIFTY03FEB2625200PE Qty=65
2026-01-30 13:15:44,941 - INFO - Calculated ATR for adopted position NIFTY03FEB2625200PE: 5.62
2026-01-30 13:15:49,606 - INFO - [CHECKS] NIFTY03FEB2625200PE | RSI: 71.2 | ADX: 35.4 | ATR: 5.62 | VWAP: 163.6
2026-01-30 13:15:59,663 - INFO - [CHECKS] NIFTY03FEB2625200PE | RSI: 71.2 | ADX: 35.4 | ATR: 5.62 | VWAP: 163.6
2026-01-30 13:16:09,731 - INFO - [CHECKS] NIFTY03FEB2625200PE | RSI: 71.2 | ADX: 35.4 | ATR: 5.62 | VWAP: 163.6
2026-01-30 13:16:19,826 - INFO - [CHECKS] NIFTY03FEB2625200PE | RSI: 71.2 | ADX: 35.4 | ATR: 5.62 | VWAP: 163.6
2026-01-30 13:16:29,891 - INFO - [CHECKS] NIFTY03FEB2625200PE | RSI: 71.2 | ADX: 35.4 | ATR: 5.62 | VWAP: 163.6
2026-01-30 13:16:31,300 - INFO - [EXIT] NIFTY03FEB2625200PE: TSL Hit: Price 198.55 <= TSL 200.50 (Stage: TRAILING, Cushions: 0/2)
2026-01-30 13:16:32,545 - INFO - Trade logged to Reporting\trades.csv
2026-01-30 13:16:32,546 - INFO - [TRADE CLOSED] NIFTY03FEB2625200PE: Entry=189.70, Exit=198.55, P&L=INR 575.25 (4.67%), Reason=TSL Hit
2026-01-30 13:19:09,729 - INFO - [SIGNAL] UTBot BUY detected on NIFTY03FEB2625200CE @ 230.50
2026-01-30 13:19:09,751 - INFO - [ENTRY] Placing BUY order for NIFTY03FEB2625200CE @ 230.50 Qty=65 Type=LIMIT
2026-01-30 13:19:13,188 - INFO - Adopting existing position: NIFTY03FEB2625200CE Qty=65
2026-01-30 13:19:13,215 - INFO - Calculated ATR for adopted position NIFTY03FEB2625200CE: 5.95
2026-01-30 13:19:20,984 - ERROR - Order placement failed: Smart Limit timed out (Strict Mode)
2026-01-30 13:19:31,049 - INFO - [CHECKS] NIFTY03FEB2625200CE | RSI: 37.5 | ADX: 35.4 | ATR: 5.95 | VWAP: 245.2
2026-01-30 13:19:41,134 - INFO - [CHECKS] NIFTY03FEB2625200CE | RSI: 37.5 | ADX: 35.4 | ATR: 5.95 | VWAP: 245.2
2026-01-30 13:19:53,025 - INFO - [CHECKS] NIFTY03FEB2625200CE | RSI: 37.5 | ADX: 35.4 | ATR: 5.95 | VWAP: 245.2
2026-01-30 13:20:03,117 - INFO - [CHECKS] NIFTY03FEB2625200CE | RSI: 37.5 | ADX: 35.4 | ATR: 5.95 | VWAP: 245.2
2026-01-30 13:20:15,097 - INFO - [CHECKS] NIFTY03FEB2625200CE | RSI: 35.9 | ADX: 37.8 | ATR: 5.42 | VWAP: 244.4
2026-01-30 13:20:25,152 - INFO - [CHECKS] NIFTY03FEB2625200CE | RSI: 35.9 | ADX: 37.8 | ATR: 5.42 | VWAP: 244.4
2026-01-30 13:20:35,245 - INFO - [CHECKS] NIFTY03FEB2625200CE | RSI: 35.9 | ADX: 37.8 | ATR: 5.42 | VWAP: 244.4
2026-01-30 13:20:45,308 - INFO - [CHECKS] NIFTY03FEB2625200CE | RSI: 35.9 | ADX: 37.8 | ATR: 5.42 | VWAP: 244.4
2026-01-30 13:20:57,624 - INFO - [CHECKS] NIFTY03FEB2625200CE | RSI: 35.9 | ADX: 37.8 | ATR: 5.42 | VWAP: 244.4
2026-01-30 13:21:07,716 - INFO - [CHECKS] NIFTY03FEB2625200CE | RSI: 35.9 | ADX: 37.8 | ATR: 5.42 | VWAP: 244.4
2026-01-30 13:21:19,577 - INFO - [CHECKS] NIFTY03FEB2625200CE | RSI: 37.0 | ADX: 39.6 | ATR: 5.14 | VWAP: 243.8
2026-01-30 13:21:29,666 - INFO - [CHECKS] NIFTY03FEB2625200CE | RSI: 37.0 | ADX: 39.6 | ATR: 5.14 | VWAP: 243.8
2026-01-30 13:21:39,744 - INFO - [CHECKS] NIFTY03FEB2625200CE | RSI: 37.0 | ADX: 39.6 | ATR: 5.14 | VWAP: 243.8
2026-01-30 13:21:49,839 - INFO - [CHECKS] NIFTY03FEB2625200CE | RSI: 37.0 | ADX: 39.6 | ATR: 5.14 | VWAP: 243.8
2026-01-30 13:21:56,776 - INFO - [SIGNAL] UTBot BUY detected on NIFTY03FEB2625200PE @ 189.75
2026-01-30 13:21:56,791 - INFO - [ENTRY] Placing BUY order for NIFTY03FEB2625200PE @ 189.75 Qty=65 Type=LIMIT
2026-01-30 13:21:58,540 - INFO - Adopting existing position: NIFTY03FEB2625200PE Qty=65
2026-01-30 13:21:58,558 - INFO - Calculated ATR for adopted position NIFTY03FEB2625200PE: 6.49
2026-01-30 13:22:08,368 - ERROR - Order placement failed: Smart Limit timed out (Strict Mode)
2026-01-30 13:22:39,474 - INFO - [EXIT] NIFTY03FEB2625200PE: TSL Hit: Price 190.55 <= TSL 190.60 (Stage: TRAILING, Cushions: 0/2)
2026-01-30 13:22:40,520 - INFO - Trade logged to Reporting\trades.csv
2026-01-30 13:22:40,521 - INFO - [COOLDOWN] Set 3m cooldown for NIFTY03FEB2625200PE (PnL: -143.00)
2026-01-30 13:22:40,521 - INFO - [TRADE CLOSED] NIFTY03FEB2625200PE: Entry=192.75, Exit=190.55, P&L=INR -143.00 (-1.14%), Reason=TSL Hit
2026-01-30 13:22:45,523 - INFO - [CHECKS] NIFTY03FEB2625200CE | RSI: 40.3 | ADX: 38.3 | ATR: 5.26 | VWAP: 242.9
2026-01-30 13:22:55,599 - INFO - [CHECKS] NIFTY03FEB2625200CE | RSI: 40.3 | ADX: 38.3 | ATR: 5.26 | VWAP: 242.9
2026-01-30 13:23:05,648 - INFO - [CHECKS] NIFTY03FEB2625200CE | RSI: 40.3 | ADX: 38.3 | ATR: 5.26 | VWAP: 242.9
2026-01-30 13:23:15,727 - INFO - [CHECKS] NIFTY03FEB2625200CE | RSI: 40.3 | ADX: 38.3 | ATR: 5.26 | VWAP: 242.9
2026-01-30 13:23:25,762 - INFO - [CHECKS] NIFTY03FEB2625200CE | RSI: 40.3 | ADX: 38.3 | ATR: 5.26 | VWAP: 242.9
2026-01-30 13:23:35,826 - INFO - [CHECKS] NIFTY03FEB2625200CE | RSI: 40.3 | ADX: 38.3 | ATR: 5.26 | VWAP: 242.9
2026-01-30 13:23:48,039 - INFO - [CHECKS] NIFTY03FEB2625200CE | RSI: 38.4 | ADX: 38.0 | ATR: 5.10 | VWAP: 242.4
2026-01-30 13:23:58,083 - INFO - [CHECKS] NIFTY03FEB2625200CE | RSI: 38.4 | ADX: 38.0 | ATR: 5.10 | VWAP: 242.4
2026-01-30 13:24:08,139 - INFO - [CHECKS] NIFTY03FEB2625200CE | RSI: 38.4 | ADX: 38.0 | ATR: 5.10 | VWAP: 242.4
2026-01-30 13:24:18,199 - INFO - [CHECKS] NIFTY03FEB2625200CE | RSI: 38.4 | ADX: 38.0 | ATR: 5.10 | VWAP: 242.4
2026-01-30 13:24:28,269 - INFO - [CHECKS] NIFTY03FEB2625200CE | RSI: 38.4 | ADX: 38.0 | ATR: 5.10 | VWAP: 242.4
2026-01-30 13:24:38,361 - INFO - [CHECKS] NIFTY03FEB2625200CE | RSI: 38.4 | ADX: 38.0 | ATR: 5.10 | VWAP: 242.4
2026-01-30 13:24:50,089 - INFO - [CHECKS] NIFTY03FEB2625200CE | RSI: 38.4 | ADX: 38.4 | ATR: 4.94 | VWAP: 242.0
2026-01-30 13:25:00,164 - INFO - [CHECKS] NIFTY03FEB2625200CE | RSI: 38.4 | ADX: 38.4 | ATR: 4.94 | VWAP: 242.0
2026-01-30 13:25:10,240 - INFO - [CHECKS] NIFTY03FEB2625200CE | RSI: 38.4 | ADX: 38.4 | ATR: 4.94 | VWAP: 242.0
2026-01-30 13:25:20,317 - INFO - [CHECKS] NIFTY03FEB2625200CE | RSI: 38.4 | ADX: 38.4 | ATR: 4.94 | VWAP: 242.0
2026-01-30 13:25:30,382 - INFO - [CHECKS] NIFTY03FEB2625200CE | RSI: 38.4 | ADX: 38.4 | ATR: 4.94 | VWAP: 242.0
2026-01-30 13:25:40,430 - INFO - [CHECKS] NIFTY03FEB2625200CE | RSI: 38.4 | ADX: 38.4 | ATR: 4.94 | VWAP: 242.0
2026-01-30 13:25:54,656 - INFO - [CHECKS] NIFTY03FEB2625200CE | RSI: 41.1 | ADX: 38.7 | ATR: 4.68 | VWAP: 241.6
2026-01-30 13:26:04,739 - INFO - [CHECKS] NIFTY03FEB2625200CE | RSI: 41.1 | ADX: 38.7 | ATR: 4.68 | VWAP: 241.6
2026-01-30 13:26:14,807 - INFO - [CHECKS] NIFTY03FEB2625200CE | RSI: 41.1 | ADX: 38.7 | ATR: 4.68 | VWAP: 241.6
2026-01-30 13:26:24,891 - INFO - [CHECKS] NIFTY03FEB2625200CE | RSI: 41.1 | ADX: 38.7 | ATR: 4.68 | VWAP: 241.6
2026-01-30 13:26:34,967 - INFO - [CHECKS] NIFTY03FEB2625200CE | RSI: 41.1 | ADX: 38.7 | ATR: 4.68 | VWAP: 241.6
2026-01-30 13:26:45,039 - INFO - [CHECKS] NIFTY03FEB2625200CE | RSI: 41.1 | ADX: 38.7 | ATR: 4.68 | VWAP: 241.6
2026-01-30 13:26:58,987 - INFO - [CHECKS] NIFTY03FEB2625200CE | RSI: 40.7 | ADX: 40.9 | ATR: 4.81 | VWAP: 241.0
2026-01-30 13:27:09,056 - INFO - [CHECKS] NIFTY03FEB2625200CE | RSI: 40.7 | ADX: 40.9 | ATR: 4.81 | VWAP: 241.0
2026-01-30 13:27:19,114 - INFO - [CHECKS] NIFTY03FEB2625200CE | RSI: 40.7 | ADX: 40.9 | ATR: 4.81 | VWAP: 241.0
2026-01-30 13:27:29,198 - INFO - [CHECKS] NIFTY03FEB2625200CE | RSI: 40.7 | ADX: 40.9 | ATR: 4.81 | VWAP: 241.0
2026-01-30 13:27:39,269 - INFO - [CHECKS] NIFTY03FEB2625200CE | RSI: 40.7 | ADX: 40.9 | ATR: 4.81 | VWAP: 241.0
2026-01-30 13:27:49,358 - INFO - [CHECKS] NIFTY03FEB2625200CE | RSI: 40.7 | ADX: 40.9 | ATR: 4.81 | VWAP: 241.0
2026-01-30 13:28:03,104 - INFO - [CHECKS] NIFTY03FEB2625200CE | RSI: 41.2 | ADX: 39.6 | ATR: 4.60 | VWAP: 240.0
2026-01-30 13:28:13,173 - INFO - [CHECKS] NIFTY03FEB2625200CE | RSI: 41.2 | ADX: 39.6 | ATR: 4.60 | VWAP: 240.0
2026-01-30 13:28:23,246 - INFO - [CHECKS] NIFTY03FEB2625200CE | RSI: 41.2 | ADX: 39.6 | ATR: 4.60 | VWAP: 240.0
2026-01-30 13:28:33,310 - INFO - [CHECKS] NIFTY03FEB2625200CE | RSI: 41.2 | ADX: 39.6 | ATR: 4.60 | VWAP: 240.0
2026-01-30 13:28:43,395 - INFO - [CHECKS] NIFTY03FEB2625200CE | RSI: 41.2 | ADX: 39.6 | ATR: 4.60 | VWAP: 240.0
2026-01-30 13:28:53,470 - INFO - [CHECKS] NIFTY03FEB2625200CE | RSI: 41.2 | ADX: 39.6 | ATR: 4.60 | VWAP: 240.0
2026-01-30 13:29:08,134 - INFO - [CHECKS] NIFTY03FEB2625200CE | RSI: 43.9 | ADX: 38.9 | ATR: 4.48 | VWAP: 239.6
2026-01-30 13:29:18,197 - INFO - [CHECKS] NIFTY03FEB2625200CE | RSI: 43.9 | ADX: 38.9 | ATR: 4.48 | VWAP: 239.6
2026-01-30 13:29:28,293 - INFO - [CHECKS] NIFTY03FEB2625200CE | RSI: 43.9 | ADX: 38.9 | ATR: 4.48 | VWAP: 239.6
2026-01-30 13:29:38,365 - INFO - [CHECKS] NIFTY03FEB2625200CE | RSI: 43.9 | ADX: 38.9 | ATR: 4.48 | VWAP: 239.6
2026-01-30 13:29:41,497 - INFO - [EXIT] NIFTY03FEB2625200CE: TSL Hit: Price 229.55 <= TSL 229.95 (Stage: TRAILING, Cushions: 0/2)
2026-01-30 13:29:42,850 - INFO - Trade logged to Reporting\trades.csv
2026-01-30 13:29:42,851 - INFO - [COOLDOWN] Set 3m cooldown for NIFTY03FEB2625200CE (PnL: -117.00)
2026-01-30 13:29:42,852 - INFO - [TRADE CLOSED] NIFTY03FEB2625200CE: Entry=231.35, Exit=229.55, P&L=INR -117.00 (-0.78%), Reason=TSL Hit
2026-01-30 13:31:38,786 - INFO - Configuration reloaded successfully
2026-01-30 13:49:15,190 - INFO - [SIGNAL] UTBot BUY detected on NIFTY03FEB2625200PE @ 157.55
2026-01-30 13:49:15,197 - INFO - [ENTRY] Placing BUY order for NIFTY03FEB2625200PE @ 157.55 Qty=65 Type=LIMIT
2026-01-30 13:49:18,854 - INFO - Adopting existing position: NIFTY03FEB2625200PE Qty=65
2026-01-30 13:49:18,885 - INFO - Calculated ATR for adopted position NIFTY03FEB2625200PE: 6.18
2026-01-30 13:49:26,189 - ERROR - Order placement failed: Smart Limit timed out (Strict Mode)
2026-01-30 13:49:31,219 - INFO - [CHECKS] NIFTY03FEB2625200PE | RSI: 36.4 | ADX: 45.7 | ATR: 6.18 | VWAP: 177.7
2026-01-30 13:49:38,498 - INFO - [EXIT] NIFTY03FEB2625200PE: TSL Hit: Price 153.35 <= TSL 154.00 (Stage: TRAILING, Cushions: 0/2)
2026-01-30 13:49:39,788 - INFO - Trade logged to Reporting\trades.csv
2026-01-30 13:49:39,791 - INFO - [COOLDOWN] Set 3m cooldown for NIFTY03FEB2625200PE (PnL: -250.25)
2026-01-30 13:49:39,793 - INFO - [TRADE CLOSED] NIFTY03FEB2625200PE: Entry=157.20, Exit=153.35, P&L=INR -250.25 (-2.45%), Reason=TSL Hit
2026-01-30 13:50:55,701 - INFO - [SIGNAL] UTBot BUY detected on NIFTY03FEB2625200CE @ 267.30
2026-01-30 13:50:55,727 - INFO - [ENTRY] Placing BUY order for NIFTY03FEB2625200CE @ 267.30 Qty=65 Type=LIMIT
2026-01-30 13:50:58,572 - INFO - Adopting existing position: NIFTY03FEB2625200CE Qty=65
2026-01-30 13:50:58,597 - INFO - Calculated ATR for adopted position NIFTY03FEB2625200CE: 6.24
2026-01-30 13:51:06,571 - ERROR - Order placement failed: Smart Limit timed out (Strict Mode)
2026-01-30 13:51:16,611 - INFO - [CHECKS] NIFTY03FEB2625200CE | RSI: 68.9 | ADX: 49.2 | ATR: 6.24 | VWAP: 243.0
2026-01-30 13:51:26,658 - INFO - [CHECKS] NIFTY03FEB2625200CE | RSI: 68.9 | ADX: 49.2 | ATR: 6.24 | VWAP: 243.0
2026-01-30 13:51:36,729 - INFO - [CHECKS] NIFTY03FEB2625200CE | RSI: 68.9 | ADX: 49.2 | ATR: 6.24 | VWAP: 243.0
2026-01-30 13:51:46,849 - INFO - [CHECKS] NIFTY03FEB2625200CE | RSI: 68.9 | ADX: 49.2 | ATR: 6.24 | VWAP: 243.0
2026-01-30 13:51:57,265 - INFO - [EXIT] NIFTY03FEB2625200CE: TSL Hit: Price 265.95 <= TSL 265.95 (Stage: TRAILING, Cushions: 0/2)
2026-01-30 13:51:58,577 - INFO - Trade logged to Reporting\trades.csv
2026-01-30 13:51:58,578 - INFO - [COOLDOWN] Set 3m cooldown for NIFTY03FEB2625200CE (PnL: -185.25)
2026-01-30 13:51:58,578 - INFO - [TRADE CLOSED] NIFTY03FEB2625200CE: Entry=268.80, Exit=265.95, P&L=INR -185.25 (-1.06%), Reason=TSL Hit
2026-01-30 14:03:38,516 - INFO - [SIGNAL] UTBot BUY detected on NIFTY03FEB2625200CE @ 298.45
2026-01-30 14:03:38,528 - INFO - [ENTRY] Placing BUY order for NIFTY03FEB2625200CE @ 298.45 Qty=65 Type=LIMIT
2026-01-30 14:03:49,248 - INFO - Adopting existing position: NIFTY03FEB2625200CE Qty=65
2026-01-30 14:03:49,265 - INFO - Calculated ATR for adopted position NIFTY03FEB2625200CE: 8.41
2026-01-30 14:03:49,842 - ERROR - Order placement failed: Smart Limit timed out (Strict Mode)
2026-01-30 14:03:54,877 - INFO - [CHECKS] NIFTY03FEB2625200CE | RSI: 68.0 | ADX: 58.9 | ATR: 8.41 | VWAP: 256.0
2026-01-30 14:04:04,961 - INFO - [CHECKS] NIFTY03FEB2625200CE | RSI: 68.0 | ADX: 58.9 | ATR: 8.41 | VWAP: 256.0
2026-01-30 14:04:15,034 - INFO - [CHECKS] NIFTY03FEB2625200CE | RSI: 68.0 | ADX: 58.9 | ATR: 8.41 | VWAP: 256.0
2026-01-30 14:04:18,186 - INFO - [EXIT] NIFTY03FEB2625200CE: TSL Hit: Price 295.85 <= TSL 295.90 (Stage: TRAILING, Cushions: 0/2)
2026-01-30 14:04:19,462 - INFO - Trade logged to Reporting\trades.csv
2026-01-30 14:04:19,463 - INFO - [COOLDOWN] Set 3m cooldown for NIFTY03FEB2625200CE (PnL: -185.25)
2026-01-30 14:04:19,465 - INFO - [TRADE CLOSED] NIFTY03FEB2625200CE: Entry=298.70, Exit=295.85, P&L=INR -185.25 (-0.95%), Reason=TSL Hit
2026-01-30 14:09:05,733 - INFO - Configuration reloaded successfully
2026-01-30 14:12:56,949 - INFO - [SIGNAL] UTBot BUY detected on NIFTY03FEB2625200PE @ 134.70
2026-01-30 14:12:56,954 - INFO - [ENTRY] Placing BUY order for NIFTY03FEB2625200PE @ 134.70 Qty=65 Type=LIMIT
2026-01-30 14:12:58,012 - INFO - Adopting existing position: NIFTY03FEB2625200PE Qty=65
2026-01-30 14:12:58,017 - INFO - Calculated ATR for adopted position NIFTY03FEB2625200PE: 4.73
2026-01-30 14:13:06,878 - ERROR - Order placement failed: Smart Limit timed out (Strict Mode)
2026-01-30 14:13:11,894 - INFO - [CHECKS] NIFTY03FEB2625200PE | RSI: 37.7 | ADX: 64.5 | ATR: 4.73 | VWAP: 159.2
2026-01-30 14:13:21,931 - INFO - [CHECKS] NIFTY03FEB2625200PE | RSI: 37.7 | ADX: 64.5 | ATR: 4.73 | VWAP: 159.2
2026-01-30 14:13:31,963 - INFO - [CHECKS] NIFTY03FEB2625200PE | RSI: 37.7 | ADX: 64.5 | ATR: 4.73 | VWAP: 159.2
2026-01-30 14:13:42,606 - INFO - Shutting down...
2026-01-30 14:13:42,607 - INFO - Trading Engine stopped
2026-01-30 14:13:42,607 - INFO - All engine tasks cleaned up
2026-01-30 14:13:42,607 - INFO - Goodbye!
2026-01-30 14:13:42,608 - ERROR - _GatheringFuture exception was never retrieved
future: <_GatheringFuture finished exception=CancelledError()>
Traceback (most recent call last):
  File "C:\Rahul\06_Nikku\Strategies\Bot-Only-Strike-Chart\core\engine.py", line 610, in fetch_one
    df = await self.data_provider.fetch_history(
         ^^^^^^^^^^^^^^^^^^^^^^^^^^^^^^^^^^^^^^^
  File "C:\Rahul\06_Nikku\Strategies\Bot-Only-Strike-Chart\data\provider.py", line 138, in fetch_history
    df = await loop.run_in_executor(
         ^^^^^^^^^^^^^^^^^^^^^^^^^^^
asyncio.exceptions.CancelledError
