2026-02-09 11:56:25,566 - INFO - Configuration banner printed
2026-02-09 11:56:29,901 - INFO - OpenAlgo API client initialized (host: http://127.0.0.1:5000)
2026-02-09 11:56:32,803 - INFO - Trading Engine initialized
2026-02-09 11:56:32,806 - INFO - Trading Engine created successfully
2026-02-09 11:56:32,806 - INFO - Starting Trading Engine...
2026-02-09 11:56:37,921 - INFO - [TASK] Signal scanner started
2026-02-09 11:56:37,933 - INFO - [TASK] Risk monitor started
2026-02-09 11:56:37,933 - INFO - [TASK] Position sync started
2026-02-09 11:56:37,934 - INFO - [TASK] WebSocket monitor started
2026-02-09 11:56:37,934 - INFO - [TASK] Config monitor started
2026-02-09 11:56:37,934 - INFO - [TASK] Command monitor started (watching C:\Rahul\06_Nikku\Strategies\Bot-Only-Strike-Chart\commands\buy.yaml)
2026-02-09 12:10:06,554 - INFO - [SIGNAL] UTBot BUY detected on NIFTY10FEB2625800CE @ 112.80
2026-02-09 12:10:06,558 - INFO - [ENTRY] Placing BUY order for NIFTY10FEB2625800CE @ 112.80 Qty=65 Type=LIMIT
2026-02-09 12:10:12,804 - INFO - Adopting existing position: NIFTY10FEB2625800CE Qty=65
2026-02-09 12:10:12,821 - INFO - Calculated ATR for adopted position NIFTY10FEB2625800CE: 7.01
2026-02-09 12:10:16,780 - ERROR - Order placement failed: Smart Limit timed out (Strict Mode)
2026-02-09 12:13:41,983 - INFO - [EXIT] NIFTY10FEB2625800CE: TSL Hit: Price 110.60 <= TSL 111.60 (Stage: TRAILING, Cushions: 0/2)
2026-02-09 12:13:42,570 - INFO - Trade logged to Reporting\trades.csv
2026-02-09 12:13:42,570 - INFO - [COOLDOWN] Set 3m cooldown for NIFTY10FEB2625800CE (PnL: -208.00)
2026-02-09 12:13:42,571 - INFO - [TRADE CLOSED] NIFTY10FEB2625800CE: Entry=113.80, Exit=110.60, P&L=INR -208.00 (-2.81%), Reason=TSL Hit
2026-02-09 12:21:37,731 - INFO - Configuration reloaded successfully
2026-02-09 12:34:06,999 - INFO - [SIGNAL] UTBot BUY detected on NIFTY10FEB2625800PE @ 51.35
2026-02-09 12:34:07,005 - INFO - [ENTRY] Placing BUY order for NIFTY10FEB2625800PE @ 51.35 Qty=65 Type=LIMIT
2026-02-09 12:34:17,487 - INFO - Adopting existing position: NIFTY10FEB2625800PE Qty=65
2026-02-09 12:34:17,500 - INFO - Calculated ATR for adopted position NIFTY10FEB2625800PE: 3.45
2026-02-09 12:34:17,855 - ERROR - Order placement failed: Smart Limit timed out (Strict Mode)
2026-02-09 12:45:15,885 - INFO - [EXIT] NIFTY10FEB2625800PE: TSL Hit: Price 53.75 <= TSL 53.85 (Stage: G1, Cushions: 0/2)
2026-02-09 12:45:16,541 - INFO - Trade logged to Reporting\trades.csv
2026-02-09 12:45:16,541 - INFO - [TRADE CLOSED] NIFTY10FEB2625800PE: Entry=52.00, Exit=53.75, P&L=INR 113.75 (3.37%), Reason=TSL Hit
2026-02-09 13:00:23,014 - INFO - [SIGNAL] UTBot BUY detected on NIFTY10FEB2625800CE @ 96.45
2026-02-09 13:00:23,021 - INFO - [ENTRY] Placing BUY order for NIFTY10FEB2625800CE @ 96.45 Qty=65 Type=LIMIT
2026-02-09 13:00:32,533 - ERROR - Order placement failed: Smart Limit timed out (Strict Mode)
2026-02-09 13:00:32,742 - INFO - Adopting existing position: NIFTY10FEB2625800CE Qty=65
2026-02-09 13:00:32,748 - INFO - Calculated ATR for adopted position NIFTY10FEB2625800CE: 5.82
2026-02-09 13:03:12,534 - INFO - [EXIT] NIFTY10FEB2625800CE: TSL Hit: Price 99.55 <= TSL 100.06 (Stage: G1, Cushions: 0/2)
2026-02-09 13:03:13,458 - INFO - Trade logged to Reporting\trades.csv
2026-02-09 13:03:13,458 - INFO - [TRADE CLOSED] NIFTY10FEB2625800CE: Entry=96.65, Exit=99.55, P&L=INR 188.50 (3.00%), Reason=TSL Hit
2026-02-09 13:03:18,183 - INFO - [SIGNAL] UTBot BUY detected on NIFTY10FEB2625800CE @ 100.65
2026-02-09 13:03:18,193 - INFO - [ENTRY] Placing BUY order for NIFTY10FEB2625800CE @ 100.65 Qty=65 Type=LIMIT
2026-02-09 13:03:27,133 - INFO - Adopting existing position: NIFTY10FEB2625800CE Qty=65
2026-02-09 13:03:28,001 - INFO - Calculated ATR for adopted position NIFTY10FEB2625800CE: 6.16
2026-02-09 13:03:28,044 - ERROR - Order placement failed: Smart Limit timed out (Strict Mode)
2026-02-09 13:11:03,621 - INFO - [EXIT] NIFTY10FEB2625800CE: TSL Hit: Price 107.45 <= TSL 107.85 (Stage: G1, Cushions: 0/2)
2026-02-09 13:11:04,373 - INFO - Trade logged to Reporting\trades.csv
2026-02-09 13:11:04,373 - INFO - [TRADE CLOSED] NIFTY10FEB2625800CE: Entry=100.15, Exit=107.45, P&L=INR 474.50 (7.29%), Reason=TSL Hit
2026-02-09 13:30:55,893 - INFO - [SIGNAL] UTBot BUY detected on NIFTY10FEB2625800PE @ 49.45
2026-02-09 13:30:55,904 - INFO - [ENTRY] Placing BUY order for NIFTY10FEB2625800PE @ 49.45 Qty=65 Type=LIMIT
2026-02-09 13:31:03,628 - INFO - Adopting existing position: NIFTY10FEB2625800PE Qty=65
2026-02-09 13:31:03,635 - INFO - Calculated ATR for adopted position NIFTY10FEB2625800PE: 3.41
2026-02-09 13:31:05,089 - ERROR - Order placement failed: Smart Limit timed out (Strict Mode)
2026-02-09 13:32:34,094 - INFO - [EXIT] NIFTY10FEB2625800PE: TSL Hit: Price 51.25 <= TSL 51.25 (Stage: G1, Cushions: 0/2)
2026-02-09 13:32:34,570 - INFO - Trade logged to Reporting\trades.csv
2026-02-09 13:32:34,570 - INFO - [TRADE CLOSED] NIFTY10FEB2625800PE: Entry=49.40, Exit=51.25, P&L=INR 120.25 (3.74%), Reason=TSL Hit
2026-02-09 13:32:37,626 - INFO - [SIGNAL] UTBot BUY detected on NIFTY10FEB2625800PE @ 49.65
2026-02-09 13:32:37,635 - INFO - [ENTRY] Placing BUY order for NIFTY10FEB2625800PE @ 49.65 Qty=65 Type=LIMIT
2026-02-09 13:32:41,179 - INFO - Adopting existing position: NIFTY10FEB2625800PE Qty=65
2026-02-09 13:32:41,184 - INFO - Calculated ATR for adopted position NIFTY10FEB2625800PE: 3.44
2026-02-09 13:32:48,735 - ERROR - Order placement failed: Smart Limit timed out (Strict Mode)
2026-02-09 13:33:29,924 - INFO - [EXIT] NIFTY10FEB2625800PE: TSL Hit: Price 47.25 <= TSL 47.25 (Stage: TRAILING, Cushions: 0/2)
2026-02-09 13:33:30,754 - INFO - Trade logged to Reporting\trades.csv
2026-02-09 13:33:30,754 - INFO - [TRADE CLOSED] NIFTY10FEB2625800PE: Entry=51.25, Exit=47.25, P&L=INR -260.00 (-7.80%), Reason=TSL Hit
2026-02-09 13:33:31,201 - INFO - [SIGNAL] UTBot BUY detected on NIFTY10FEB2625800PE @ 49.20
2026-02-09 13:33:31,214 - INFO - [ENTRY] Placing BUY order for NIFTY10FEB2625800PE @ 49.20 Qty=65 Type=LIMIT
2026-02-09 13:33:35,184 - INFO - Adopting existing position: NIFTY10FEB2625800PE Qty=65
2026-02-09 13:33:35,201 - INFO - Calculated ATR for adopted position NIFTY10FEB2625800PE: 3.48
2026-02-09 13:33:41,220 - ERROR - Order placement failed: Smart Limit timed out (Strict Mode)
2026-02-09 13:36:32,384 - INFO - [SIGNAL] UTBot BUY detected on NIFTY10FEB2625800CE @ 105.35
2026-02-09 13:36:32,397 - INFO - [ENTRY] Placing BUY order for NIFTY10FEB2625800CE @ 105.35 Qty=65 Type=LIMIT
2026-02-09 13:36:41,393 - INFO - Adopting existing position: NIFTY10FEB2625800CE Qty=65
2026-02-09 13:36:41,403 - INFO - Calculated ATR for adopted position NIFTY10FEB2625800CE: 5.80
2026-02-09 13:36:42,023 - ERROR - Order placement failed: Smart Limit timed out (Strict Mode)
2026-02-09 13:42:32,481 - INFO - [EXIT] NIFTY10FEB2625800CE: TSL Hit: Price 103.70 <= TSL 104.00 (Stage: TRAILING, Cushions: 0/2)
2026-02-09 13:42:33,249 - INFO - Trade logged to Reporting\trades.csv
2026-02-09 13:42:33,249 - INFO - [TRADE CLOSED] NIFTY10FEB2625800CE: Entry=105.85, Exit=103.70, P&L=INR -139.75 (-2.03%), Reason=TSL Hit
2026-02-09 14:01:35,798 - INFO - [EXIT] NIFTY10FEB2625800PE: TSL Hit: Price 44.25 <= TSL 44.40 (Stage: TRAILING, Cushions: 0/2)
2026-02-09 14:01:37,295 - INFO - Trade logged to Reporting\trades.csv
2026-02-09 14:01:37,296 - INFO - [TRADE CLOSED] NIFTY10FEB2625800PE: Entry=47.05, Exit=44.25, P&L=INR -182.00 (-5.95%), Reason=TSL Hit
2026-02-09 14:01:42,146 - INFO - [SIGNAL] UTBot BUY detected on NIFTY10FEB2625800PE @ 45.20
2026-02-09 14:01:42,161 - INFO - [ENTRY] Placing BUY order for NIFTY10FEB2625800PE @ 45.20 Qty=65 Type=LIMIT
2026-02-09 14:01:52,692 - ERROR - Order placement failed: Smart Limit timed out (Strict Mode)
2026-02-09 14:01:52,895 - INFO - Adopting existing position: NIFTY10FEB2625800PE Qty=65
2026-02-09 14:01:52,907 - INFO - Calculated ATR for adopted position NIFTY10FEB2625800PE: 3.05
2026-02-09 14:04:40,104 - INFO - [EXIT] NIFTY10FEB2625800PE: TSL Hit: Price 48.00 <= TSL 48.41 (Stage: G1, Cushions: 0/2)
2026-02-09 14:04:41,846 - INFO - Trade logged to Reporting\trades.csv
2026-02-09 14:04:41,846 - INFO - [TRADE CLOSED] NIFTY10FEB2625800PE: Entry=45.20, Exit=48.00, P&L=INR 182.00 (6.19%), Reason=TSL Hit
2026-02-09 14:12:37,479 - INFO - [SIGNAL] UTBot BUY detected on NIFTY10FEB2625800CE @ 101.85
2026-02-09 14:12:37,493 - INFO - [ENTRY] Placing BUY order for NIFTY10FEB2625800CE @ 101.85 Qty=65 Type=LIMIT
2026-02-09 14:12:45,257 - INFO - Adopting existing position: NIFTY10FEB2625800CE Qty=65
2026-02-09 14:12:45,292 - INFO - Calculated ATR for adopted position NIFTY10FEB2625800CE: 6.30
2026-02-09 14:12:51,582 - ERROR - Order placement failed: Smart Limit timed out (Strict Mode)
2026-02-09 14:17:54,109 - INFO - [EXIT] NIFTY10FEB2625800CE: TSL Hit: Price 98.85 <= TSL 99.50 (Stage: TRAILING, Cushions: 0/2)
2026-02-09 14:17:59,307 - INFO - Trade logged to Reporting\trades.csv
2026-02-09 14:17:59,308 - INFO - [TRADE CLOSED] NIFTY10FEB2625800CE: Entry=101.30, Exit=98.85, P&L=INR -159.25 (-2.42%), Reason=TSL Hit
2026-02-09 14:33:29,343 - INFO - [SIGNAL] UTBot BUY detected on NIFTY10FEB2625800PE @ 44.60
2026-02-09 14:33:29,349 - INFO - [ENTRY] Placing BUY order for NIFTY10FEB2625800PE @ 44.60 Qty=65 Type=LIMIT
2026-02-09 14:33:30,790 - INFO - Adopting existing position: NIFTY10FEB2625800PE Qty=65
2026-02-09 14:33:30,805 - INFO - Calculated ATR for adopted position NIFTY10FEB2625800PE: 3.19
2026-02-09 14:33:40,549 - ERROR - Order placement failed: Smart Limit timed out (Strict Mode)
2026-02-09 14:42:11,735 - INFO - [EXIT] NIFTY10FEB2625800PE: TSL Hit: Price 47.85 <= TSL 48.12 (Stage: G1, Cushions: 0/2)
2026-02-09 14:42:12,878 - INFO - Trade logged to Reporting\trades.csv
2026-02-09 14:42:12,879 - INFO - [TRADE CLOSED] NIFTY10FEB2625800PE: Entry=44.45, Exit=47.85, P&L=INR 221.00 (7.65%), Reason=TSL Hit
2026-02-09 14:49:08,396 - INFO - [SIGNAL] UTBot BUY detected on NIFTY10FEB2625800CE @ 105.70
2026-02-09 14:49:08,412 - INFO - [ENTRY] Placing BUY order for NIFTY10FEB2625800CE @ 105.70 Qty=65 Type=LIMIT
2026-02-09 14:49:13,470 - INFO - Adopting existing position: NIFTY10FEB2625800CE Qty=65
2026-02-09 14:49:13,499 - INFO - Calculated ATR for adopted position NIFTY10FEB2625800CE: 6.12
2026-02-09 14:49:18,810 - ERROR - Order placement failed: Smart Limit timed out (Strict Mode)
2026-02-09 14:53:05,600 - INFO - [EXIT] NIFTY10FEB2625800CE: TSL Hit: Price 99.10 <= TSL 100.95 (Stage: TRAILING, Cushions: 0/2)
2026-02-09 14:53:07,136 - INFO - Trade logged to Reporting\trades.csv
2026-02-09 14:53:07,137 - INFO - [TRADE CLOSED] NIFTY10FEB2625800CE: Entry=104.95, Exit=99.10, P&L=INR -380.25 (-5.57%), Reason=TSL Hit
2026-02-09 14:54:24,544 - INFO - [SIGNAL] UTBot BUY detected on NIFTY10FEB2625800PE @ 47.80
2026-02-09 14:54:24,560 - INFO - [ENTRY] Placing BUY order for NIFTY10FEB2625800PE @ 47.80 Qty=65 Type=LIMIT
2026-02-09 14:54:26,205 - INFO - Adopting existing position: NIFTY10FEB2625800PE Qty=65
2026-02-09 14:54:26,222 - INFO - Calculated ATR for adopted position NIFTY10FEB2625800PE: 3.41
2026-02-09 14:54:35,579 - ERROR - Order placement failed: Smart Limit timed out (Strict Mode)
2026-02-09 15:00:10,596 - INFO - [EXIT] NIFTY10FEB2625800PE: TSL Hit: Price 42.35 <= TSL 43.10 (Stage: TRAILING, Cushions: 0/2)
2026-02-09 15:00:12,236 - INFO - Trade logged to Reporting\trades.csv
2026-02-09 15:00:12,237 - INFO - [TRADE CLOSED] NIFTY10FEB2625800PE: Entry=47.10, Exit=42.35, P&L=INR -308.75 (-10.08%), Reason=TSL Hit
2026-02-09 15:00:41,724 - INFO - [SIGNAL] UTBot BUY detected on NIFTY10FEB2625800CE @ 107.05
2026-02-09 15:00:41,739 - INFO - [ENTRY] Placing BUY order for NIFTY10FEB2625800CE @ 107.05 Qty=65 Type=LIMIT
2026-02-09 15:00:52,090 - INFO - Adopting existing position: NIFTY10FEB2625800CE Qty=65
2026-02-09 15:00:52,110 - INFO - Calculated ATR for adopted position NIFTY10FEB2625800CE: 6.08
2026-02-09 15:00:54,203 - ERROR - Order placement failed: Smart Limit timed out (Strict Mode)
2026-02-09 15:03:05,447 - INFO - [EXIT] NIFTY10FEB2625800CE: TSL Hit: Price 104.85 <= TSL 105.35 (Stage: TRAILING, Cushions: 0/2)
2026-02-09 15:03:06,715 - INFO - Trade logged to Reporting\trades.csv
2026-02-09 15:03:06,715 - INFO - [TRADE CLOSED] NIFTY10FEB2625800CE: Entry=107.15, Exit=104.85, P&L=INR -149.50 (-2.15%), Reason=TSL Hit
2026-02-09 15:03:08,802 - INFO - [SIGNAL] UTBot BUY detected on NIFTY10FEB2625800CE @ 105.50
2026-02-09 15:03:08,831 - INFO - [ENTRY] Placing BUY order for NIFTY10FEB2625800CE @ 105.50 Qty=65 Type=LIMIT
2026-02-09 15:03:21,531 - INFO - Adopting existing position: NIFTY10FEB2625800CE Qty=65
2026-02-09 15:03:21,549 - INFO - Calculated ATR for adopted position NIFTY10FEB2625800CE: 6.16
2026-02-09 15:03:25,168 - ERROR - Order placement failed: Smart Limit timed out (Strict Mode)
2026-02-09 15:05:43,641 - INFO - [EXIT] NIFTY10FEB2625800CE: TSL Hit: Price 110.45 <= TSL 110.54 (Stage: G1, Cushions: 0/2)
2026-02-09 15:05:45,091 - INFO - Trade logged to Reporting\trades.csv
2026-02-09 15:05:45,092 - INFO - [TRADE CLOSED] NIFTY10FEB2625800CE: Entry=105.05, Exit=110.45, P&L=INR 351.00 (5.14%), Reason=TSL Hit
2026-02-09 15:13:14,666 - INFO - [SIGNAL] UTBot BUY detected on NIFTY10FEB2625800PE @ 46.30
2026-02-09 15:13:14,685 - INFO - [ENTRY] Placing BUY order for NIFTY10FEB2625800PE @ 46.30 Qty=65 Type=LIMIT
2026-02-09 15:13:21,222 - INFO - Adopting existing position: NIFTY10FEB2625800PE Qty=65
2026-02-09 15:13:21,237 - INFO - Calculated ATR for adopted position NIFTY10FEB2625800PE: 3.23
2026-02-09 15:13:28,359 - ERROR - Order placement failed: Smart Limit timed out (Strict Mode)
2026-02-09 15:15:05,709 - WARNING - [SYNC] External closure detected: NIFTY10FEB2625800PE
2026-02-09 15:15:05,892 - INFO - [SIGNAL] UTBot BUY detected on NIFTY10FEB2625800PE @ 45.15
2026-02-09 15:15:05,903 - INFO - [ENTRY] Placing BUY order for NIFTY10FEB2625800PE @ 45.15 Qty=65 Type=LIMIT
2026-02-09 15:15:06,861 - ERROR - Order placement failed: Smart Limit placement failed: {'status': 'error', 'message': 'HTTP 400: {"message":"MIS orders cannot be placed after square-off time (15:15 IST). Trading resumes at 09:00 AM IST.","mode":"analyze","status":"error"}\n', 'code': 400, 'error_type': 'http_error'}
2026-02-09 15:15:11,925 - INFO - [SIGNAL] UTBot BUY detected on NIFTY10FEB2625800PE @ 45.15
2026-02-09 15:15:11,949 - INFO - [ENTRY] Placing BUY order for NIFTY10FEB2625800PE @ 45.15 Qty=65 Type=LIMIT
2026-02-09 15:15:12,967 - ERROR - Order placement failed: Smart Limit placement failed: {'status': 'error', 'message': 'HTTP 400: {"message":"MIS orders cannot be placed after square-off time (15:15 IST). Trading resumes at 09:00 AM IST.","mode":"analyze","status":"error"}\n', 'code': 400, 'error_type': 'http_error'}
2026-02-09 15:15:18,012 - INFO - [SIGNAL] UTBot BUY detected on NIFTY10FEB2625800PE @ 45.15
2026-02-09 15:15:18,030 - INFO - [ENTRY] Placing BUY order for NIFTY10FEB2625800PE @ 45.15 Qty=65 Type=LIMIT
2026-02-09 15:15:21,031 - ERROR - Order placement failed: Smart Limit placement failed: {'status': 'error', 'message': 'HTTP 400: {"message":"MIS orders cannot be placed after square-off time (15:15 IST). Trading resumes at 09:00 AM IST.","mode":"analyze","status":"error"}\n', 'code': 400, 'error_type': 'http_error'}
2026-02-09 17:22:20,108 - ERROR - [WinError 10054] An existing connection was forcibly closed by the remote host - goodbye
2026-02-09 17:22:20,467 - WARNING - WebSocket disconnection detected!
